Archive member included to satisfy reference by file (symbol)

C:/ST/STM32CubeIDE_1.16.1/STM32CubeIDE/plugins/com.st.stm32cube.ide.mcu.externaltools.gnu-tools-for-stm32.12.3.rel1.win32_1.0.200.202406191623/tools/bin/../lib/gcc/arm-none-eabi/12.3.1/../../../../arm-none-eabi/lib/thumb/v7e-m+fp/hard\libc_nano.a(libc_a-exit.o)
                              C:/ST/STM32CubeIDE_1.16.1/STM32CubeIDE/plugins/com.st.stm32cube.ide.mcu.externaltools.gnu-tools-for-stm32.12.3.rel1.win32_1.0.200.202406191623/tools/bin/../lib/gcc/arm-none-eabi/12.3.1/../../../../arm-none-eabi/lib/thumb/v7e-m+fp/hard/crt0.o (exit)
C:/ST/STM32CubeIDE_1.16.1/STM32CubeIDE/plugins/com.st.stm32cube.ide.mcu.externaltools.gnu-tools-for-stm32.12.3.rel1.win32_1.0.200.202406191623/tools/bin/../lib/gcc/arm-none-eabi/12.3.1/../../../../arm-none-eabi/lib/thumb/v7e-m+fp/hard\libc_nano.a(libc_a-findfp.o)
                              C:/ST/STM32CubeIDE_1.16.1/STM32CubeIDE/plugins/com.st.stm32cube.ide.mcu.externaltools.gnu-tools-for-stm32.12.3.rel1.win32_1.0.200.202406191623/tools/bin/../lib/gcc/arm-none-eabi/12.3.1/../../../../arm-none-eabi/lib/thumb/v7e-m+fp/hard\libc_nano.a(libc_a-exit.o) (__stdio_exit_handler)
C:/ST/STM32CubeIDE_1.16.1/STM32CubeIDE/plugins/com.st.stm32cube.ide.mcu.externaltools.gnu-tools-for-stm32.12.3.rel1.win32_1.0.200.202406191623/tools/bin/../lib/gcc/arm-none-eabi/12.3.1/../../../../arm-none-eabi/lib/thumb/v7e-m+fp/hard\libc_nano.a(libc_a-fwalk.o)
                              C:/ST/STM32CubeIDE_1.16.1/STM32CubeIDE/plugins/com.st.stm32cube.ide.mcu.externaltools.gnu-tools-for-stm32.12.3.rel1.win32_1.0.200.202406191623/tools/bin/../lib/gcc/arm-none-eabi/12.3.1/../../../../arm-none-eabi/lib/thumb/v7e-m+fp/hard\libc_nano.a(libc_a-findfp.o) (_fwalk_sglue)
C:/ST/STM32CubeIDE_1.16.1/STM32CubeIDE/plugins/com.st.stm32cube.ide.mcu.externaltools.gnu-tools-for-stm32.12.3.rel1.win32_1.0.200.202406191623/tools/bin/../lib/gcc/arm-none-eabi/12.3.1/../../../../arm-none-eabi/lib/thumb/v7e-m+fp/hard\libc_nano.a(libc_a-puts.o)
                              ./Src/017rtc_lcd.o (puts)
C:/ST/STM32CubeIDE_1.16.1/STM32CubeIDE/plugins/com.st.stm32cube.ide.mcu.externaltools.gnu-tools-for-stm32.12.3.rel1.win32_1.0.200.202406191623/tools/bin/../lib/gcc/arm-none-eabi/12.3.1/../../../../arm-none-eabi/lib/thumb/v7e-m+fp/hard\libc_nano.a(libc_a-stdio.o)
                              C:/ST/STM32CubeIDE_1.16.1/STM32CubeIDE/plugins/com.st.stm32cube.ide.mcu.externaltools.gnu-tools-for-stm32.12.3.rel1.win32_1.0.200.202406191623/tools/bin/../lib/gcc/arm-none-eabi/12.3.1/../../../../arm-none-eabi/lib/thumb/v7e-m+fp/hard\libc_nano.a(libc_a-findfp.o) (__sread)
C:/ST/STM32CubeIDE_1.16.1/STM32CubeIDE/plugins/com.st.stm32cube.ide.mcu.externaltools.gnu-tools-for-stm32.12.3.rel1.win32_1.0.200.202406191623/tools/bin/../lib/gcc/arm-none-eabi/12.3.1/../../../../arm-none-eabi/lib/thumb/v7e-m+fp/hard\libc_nano.a(libc_a-wbuf.o)
                              C:/ST/STM32CubeIDE_1.16.1/STM32CubeIDE/plugins/com.st.stm32cube.ide.mcu.externaltools.gnu-tools-for-stm32.12.3.rel1.win32_1.0.200.202406191623/tools/bin/../lib/gcc/arm-none-eabi/12.3.1/../../../../arm-none-eabi/lib/thumb/v7e-m+fp/hard\libc_nano.a(libc_a-puts.o) (__swbuf_r)
C:/ST/STM32CubeIDE_1.16.1/STM32CubeIDE/plugins/com.st.stm32cube.ide.mcu.externaltools.gnu-tools-for-stm32.12.3.rel1.win32_1.0.200.202406191623/tools/bin/../lib/gcc/arm-none-eabi/12.3.1/../../../../arm-none-eabi/lib/thumb/v7e-m+fp/hard\libc_nano.a(libc_a-wsetup.o)
                              C:/ST/STM32CubeIDE_1.16.1/STM32CubeIDE/plugins/com.st.stm32cube.ide.mcu.externaltools.gnu-tools-for-stm32.12.3.rel1.win32_1.0.200.202406191623/tools/bin/../lib/gcc/arm-none-eabi/12.3.1/../../../../arm-none-eabi/lib/thumb/v7e-m+fp/hard\libc_nano.a(libc_a-puts.o) (__swsetup_r)
C:/ST/STM32CubeIDE_1.16.1/STM32CubeIDE/plugins/com.st.stm32cube.ide.mcu.externaltools.gnu-tools-for-stm32.12.3.rel1.win32_1.0.200.202406191623/tools/bin/../lib/gcc/arm-none-eabi/12.3.1/../../../../arm-none-eabi/lib/thumb/v7e-m+fp/hard\libc_nano.a(libc_a-memset.o)
                              C:/ST/STM32CubeIDE_1.16.1/STM32CubeIDE/plugins/com.st.stm32cube.ide.mcu.externaltools.gnu-tools-for-stm32.12.3.rel1.win32_1.0.200.202406191623/tools/bin/../lib/gcc/arm-none-eabi/12.3.1/../../../../arm-none-eabi/lib/thumb/v7e-m+fp/hard/crt0.o (memset)
C:/ST/STM32CubeIDE_1.16.1/STM32CubeIDE/plugins/com.st.stm32cube.ide.mcu.externaltools.gnu-tools-for-stm32.12.3.rel1.win32_1.0.200.202406191623/tools/bin/../lib/gcc/arm-none-eabi/12.3.1/../../../../arm-none-eabi/lib/thumb/v7e-m+fp/hard\libc_nano.a(libc_a-closer.o)
                              C:/ST/STM32CubeIDE_1.16.1/STM32CubeIDE/plugins/com.st.stm32cube.ide.mcu.externaltools.gnu-tools-for-stm32.12.3.rel1.win32_1.0.200.202406191623/tools/bin/../lib/gcc/arm-none-eabi/12.3.1/../../../../arm-none-eabi/lib/thumb/v7e-m+fp/hard\libc_nano.a(libc_a-stdio.o) (_close_r)
[...]
Memory Configuration

Name             Origin             Length             Attributes
CCMRAM           0x10000000         0x00010000         xrw
RAM              0x20000000         0x00020000         xrw
FLASH            0x08000000         0x00100000         xr
*default*        0x00000000         0xffffffff

Linker script and memory map

LOAD C:/ST/STM32CubeIDE_1.16.1/STM32CubeIDE/plugins/com.st.stm32cube.ide.mcu.externaltools.gnu-tools-for-stm32.12.3.rel1.win32_1.0.200.202406191623/tools/bin/../lib/gcc/arm-none-eabi/12.3.1/thumb/v7e-m+fp/hard/crti.o
LOAD C:/ST/STM32CubeIDE_1.16.1/STM32CubeIDE/plugins/com.st.stm32cube.ide.mcu.externaltools.gnu-tools-for-stm32.12.3.rel1.win32_1.0.200.202406191623/tools/bin/../lib/gcc/arm-none-eabi/12.3.1/thumb/v7e-m+fp/hard/crtbegin.o
LOAD C:/ST/STM32CubeIDE_1.16.1/STM32CubeIDE/plugins/com.st.stm32cube.ide.mcu.externaltools.gnu-tools-for-stm32.12.3.rel1.win32_1.0.200.202406191623/tools/bin/../lib/gcc/arm-none-eabi/12.3.1/../../../../arm-none-eabi/lib/thumb/v7e-m+fp/hard/crt0.o
LOAD ./BSP/ds1307.o
LOAD ./BSP/lcd.o
LOAD ./Src/017rtc_lcd.o
LOAD ./Src/syscalls.o
LOAD ./Src/sysmem.o
LOAD ./Startup/startup_stm32f407vgtx.o
LOAD ./drivers/Src/stm32f407_gpio_driver.o
LOAD ./drivers/Src/stm32f407_i2c_driver.o
LOAD ./drivers/Src/stm32f407_spi_driver.o
LOAD ./drivers/Src/stm32f407_usart_driver.o
LOAD ./drivers/Src/stm32f407xx_rcc_driver.o
START GROUP
LOAD C:/ST/STM32CubeIDE_1.16.1/STM32CubeIDE/plugins/com.st.stm32cube.ide.mcu.externaltools.gnu-tools-for-stm32.12.3.rel1.win32_1.0.200.202406191623/tools/bin/../lib/gcc/arm-none-eabi/12.3.1/../../../../arm-none-eabi/lib/thumb/v7e-m+fp/hard\libc_nano.a
LOAD C:/ST/STM32CubeIDE_1.16.1/STM32CubeIDE/plugins/com.st.stm32cube.ide.mcu.externaltools.gnu-tools-for-stm32.12.3.rel1.win32_1.0.200.202406191623/tools/bin/../lib/gcc/arm-none-eabi/12.3.1/../../../../arm-none-eabi/lib/thumb/v7e-m+fp/hard\libm.a
END GROUP
START GROUP
LOAD C:/ST/STM32CubeIDE_1.16.1/STM32CubeIDE/plugins/com.st.stm32cube.ide.mcu.externaltools.gnu-tools-for-stm32.12.3.rel1.win32_1.0.200.202406191623/tools/bin/../lib/gcc/arm-none-eabi/12.3.1/thumb/v7e-m+fp/hard\libgcc.a
LOAD C:/ST/STM32CubeIDE_1.16.1/STM32CubeIDE/plugins/com.st.stm32cube.ide.mcu.externaltools.gnu-tools-for-stm32.12.3.rel1.win32_1.0.200.202406191623/tools/bin/../lib/gcc/arm-none-eabi/12.3.1/../../../../arm-none-eabi/lib/thumb/v7e-m+fp/hard\libc_nano.a
END GROUP
START GROUP
LOAD C:/ST/STM32CubeIDE_1.16.1/STM32CubeIDE/plugins/com.st.stm32cube.ide.mcu.externaltools.gnu-tools-for-stm32.12.3.rel1.win32_1.0.200.202406191623/tools/bin/../lib/gcc/arm-none-eabi/12.3.1/thumb/v7e-m+fp/hard\libgcc.a
LOAD C:/ST/STM32CubeIDE_1.16.1/STM32CubeIDE/plugins/com.st.stm32cube.ide.mcu.externaltools.gnu-tools-for-stm32.12.3.rel1.win32_1.0.200.202406191623/tools/bin/../lib/gcc/arm-none-eabi/12.3.1/../../../../arm-none-eabi/lib/thumb/v7e-m+fp/hard\libc_nano.a
LOAD C:/ST/STM32CubeIDE_1.16.1/STM32CubeIDE/plugins/com.st.stm32cube.ide.mcu.externaltools.gnu-tools-for-stm32.12.3.rel1.win32_1.0.200.202406191623/tools/bin/../lib/gcc/arm-none-eabi/12.3.1/../../../../arm-none-eabi/lib/thumb/v7e-m+fp/hard\libnosys.a
END GROUP
START GROUP
LOAD C:/ST/STM32CubeIDE_1.16.1/STM32CubeIDE/plugins/com.st.stm32cube.ide.mcu.externaltools.gnu-tools-for-stm32.12.3.rel1.win32_1.0.200.202406191623/tools/bin/../lib/gcc/arm-none-eabi/12.3.1/thumb/v7e-m+fp/hard\libgcc.a
LOAD C:/ST/STM32CubeIDE_1.16.1/STM32CubeIDE/plugins/com.st.stm32cube.ide.mcu.externaltools.gnu-tools-for-stm32.12.3.rel1.win32_1.0.200.202406191623/tools/bin/../lib/gcc/arm-none-eabi/12.3.1/../../../../arm-none-eabi/lib/thumb/v7e-m+fp/hard\libc_nano.a
LOAD C:/ST/STM32CubeIDE_1.16.1/STM32CubeIDE/plugins/com.st.stm32cube.ide.mcu.externaltools.gnu-tools-for-stm32.12.3.rel1.win32_1.0.200.202406191623/tools/bin/../lib/gcc/arm-none-eabi/12.3.1/../../../../arm-none-eabi/lib/thumb/v7e-m+fp/hard\libnosys.a
END GROUP
LOAD C:/ST/STM32CubeIDE_1.16.1/STM32CubeIDE/plugins/com.st.stm32cube.ide.mcu.externaltools.gnu-tools-for-stm32.12.3.rel1.win32_1.0.200.202406191623/tools/bin/../lib/gcc/arm-none-eabi/12.3.1/thumb/v7e-m+fp/hard/crtend.o
LOAD C:/ST/STM32CubeIDE_1.16.1/STM32CubeIDE/plugins/com.st.stm32cube.ide.mcu.externaltools.gnu-tools-for-stm32.12.3.rel1.win32_1.0.200.202406191623/tools/bin/../lib/gcc/arm-none-eabi/12.3.1/thumb/v7e-m+fp/hard/crtn.o
                0x20020000                        _estack = (ORIGIN (RAM) + LENGTH (RAM))
                0x00000200                        _Min_Heap_Size = 0x200
                0x00000400                        _Min_Stack_Size = 0x400

.isr_vector     0x08000000      0x188
                0x08000000                        . = ALIGN (0x4)
 *(.isr_vector)
 .isr_vector    0x08000000      0x188 ./Startup/startup_stm32f407vgtx.o
                0x08000000                g_pfnVectors
                0x08000188                        . = ALIGN (0x4)

.text           0x08000188     0x21d8
                0x08000188                        . = ALIGN (0x4)
 *(.text)
 .text          0x08000188       0x40 C:/ST/STM32CubeIDE_1.16.1/STM32CubeIDE/plugins/com.st.stm32cube.ide.mcu.externaltools.gnu-tools-for-stm32.12.3.rel1.win32_1.0.200.202406191623/tools/bin/../lib/gcc/arm-none-eabi/12.3.1/thumb/v7e-m+fp/hard/crtbegin.o
 *(.text*)
 .text.ds1307_init
                0x080001c8       0x3c ./BSP/ds1307.o
                0x080001c8                ds1307_init
 .text.ds1307_set_current_time
                0x08000204       0x92 ./BSP/ds1307.o
                0x08000204                ds1307_set_current_time
 .text.ds1307_get_current_time
                0x08000296       0x92 ./BSP/ds1307.o
                0x08000296                ds1307_get_current_time
 .text.ds1307_set_current_date
                0x08000328       0x60 ./BSP/ds1307.o
                0x08000328                ds1307_set_current_date
 .text.ds1307_get_current_date
                0x08000388       0x68 ./BSP/ds1307.o
                0x08000388                ds1307_get_current_date
 .text.ds1307_i2c_pin_config
                0x080003f0       0x78 ./BSP/ds1307.o
 .text.ds1307_i2c_config
                0x08000468       0x2c ./BSP/ds1307.o
 .text.ds1307_write
                0x08000494       0x38 ./BSP/ds1307.o
 .text.ds1307_read
                0x080004cc       0x3c ./BSP/ds1307.o
 .text.binary_to_bcd
                0x08000508       0x58 ./BSP/ds1307.o
 .text.bcd_to_binary
                0x08000560       0x36 ./BSP/ds1307.o
 *fill*         0x08000596        0x2 
 .text.lcd_send_command
                0x08000598       0x44 ./BSP/lcd.o
                0x08000598                lcd_send_command
 .text.lcd_print_char
                0x080005dc       0x44 ./BSP/lcd.o
                0x080005dc                lcd_print_char
 .text.lcd_print_string
                0x08000620       0x28 ./BSP/lcd.o
                0x08000620                lcd_print_string
 .text.lcd_init
                0x08000648      0x114 ./BSP/lcd.o
                0x08000648                lcd_init
 .text.write_4bits
                0x0800075c       0x70 ./BSP/lcd.o
 .text.lcd_enable
                0x080007cc       0x2c ./BSP/lcd.o
 .text.lcd_display_clear
                0x080007f8       0x14 ./BSP/lcd.o
                0x080007f8                lcd_display_clear
 .text.lcd_display_return_home
                0x0800080c       0x14 ./BSP/lcd.o
                0x0800080c                lcd_display_return_home
 .text.lcd_set_cursor
                0x08000820       0x4e ./BSP/lcd.o
                0x08000820                lcd_set_cursor
 .text.mdelay   0x0800086e       0x32 ./BSP/lcd.o
 .text.udelay   0x080008a0       0x2a ./BSP/lcd.o
 .text.mdelay   0x080008ca       0x32 ./Src/017rtc_lcd.o
 .text.init_systick_timer
                0x080008fc       0x6c ./Src/017rtc_lcd.o
                0x080008fc                init_systick_timer
 .text.get_day_of_week
                0x08000968       0x3c ./Src/017rtc_lcd.o
                0x08000968                get_day_of_week
 .text.number_to_string
                0x080009a4       0x70 ./Src/017rtc_lcd.o
                0x080009a4                number_to_string
 .text.time_to_string
                0x08000a14       0x54 ./Src/017rtc_lcd.o
                0x08000a14                time_to_string
 .text.date_to_string
                0x08000a68       0x54 ./Src/017rtc_lcd.o
                0x08000a68                date_to_string
 .text.main     0x08000abc       0xf4 ./Src/017rtc_lcd.o
                0x08000abc                main
 .text.SysTick_Handler
                0x08000bb0       0xa4 ./Src/017rtc_lcd.o
                0x08000bb0                SysTick_Handler
 .text.ITM_SendChar
                0x08000c54       0x50 ./Src/syscalls.o
                0x08000c54                ITM_SendChar
 .text._read    0x08000ca4       0x3a ./Src/syscalls.o
                0x08000ca4                _read
 .text._write   0x08000cde       0x38 ./Src/syscalls.o
                0x08000cde                _write
 .text._close   0x08000d16       0x18 ./Src/syscalls.o
                0x08000d16                _close
 .text._fstat   0x08000d2e       0x20 ./Src/syscalls.o
                0x08000d2e                _fstat
 .text._isatty  0x08000d4e       0x16 ./Src/syscalls.o
                0x08000d4e                _isatty
 .text._lseek   0x08000d64       0x1a ./Src/syscalls.o
                0x08000d64                _lseek
 *fill*         0x08000d7e        0x2 
 .text._sbrk    0x08000d80       0x6c ./Src/sysmem.o
                0x08000d80                _sbrk
 .text.Reset_Handler
                0x08000dec       0x50 ./Startup/startup_stm32f407vgtx.o
                0x08000dec                Reset_Handler
 .text.Default_Handler
                0x08000e3c        0x2 ./Startup/startup_stm32f407vgtx.o
                0x08000e3c                RTC_Alarm_IRQHandler
                0x08000e3c                HASH_RNG_IRQHandler
                0x08000e3c                EXTI2_IRQHandler
                0x08000e3c                TIM8_CC_IRQHandler
                0x08000e3c                DebugMon_Handler
                0x08000e3c                TIM1_CC_IRQHandler
                0x08000e3c                DMA2_Stream5_IRQHandler
                0x08000e3c                HardFault_Handler
                0x08000e3c                DMA1_Stream5_IRQHandler
                0x08000e3c                PVD_IRQHandler
                0x08000e3c                SDIO_IRQHandler
                0x08000e3c                TAMP_STAMP_IRQHandler
                0x08000e3c                PendSV_Handler
                0x08000e3c                NMI_Handler
                0x08000e3c                CAN2_RX1_IRQHandler
                0x08000e3c                EXTI3_IRQHandler
                0x08000e3c                TIM8_TRG_COM_TIM14_IRQHandler
                0x08000e3c                TIM1_UP_TIM10_IRQHandler
                0x08000e3c                TIM8_UP_TIM13_IRQHandler
                0x08000e3c                I2C3_ER_IRQHandler
                0x08000e3c                EXTI0_IRQHandler
                0x08000e3c                I2C2_EV_IRQHandler
                0x08000e3c                DMA1_Stream2_IRQHandler
                0x08000e3c                CAN1_RX0_IRQHandler
                0x08000e3c                FPU_IRQHandler
                0x08000e3c                OTG_HS_WKUP_IRQHandler
                0x08000e3c                UsageFault_Handler
                0x08000e3c                CAN2_SCE_IRQHandler
                0x08000e3c                DMA2_Stream2_IRQHandler
                0x08000e3c                SPI1_IRQHandler
                0x08000e3c                TIM6_DAC_IRQHandler
                0x08000e3c                TIM1_BRK_TIM9_IRQHandler
                0x08000e3c                DCMI_IRQHandler
                0x08000e3c                CAN2_RX0_IRQHandler
                0x08000e3c                DMA2_Stream3_IRQHandler
                0x08000e3c                USART6_IRQHandler
                0x08000e3c                USART3_IRQHandler
                0x08000e3c                CRYP_IRQHandler
                0x08000e3c                CAN1_RX1_IRQHandler
                0x08000e3c                UART5_IRQHandler
                0x08000e3c                DMA2_Stream0_IRQHandler
                0x08000e3c                TIM4_IRQHandler
                0x08000e3c                I2C1_EV_IRQHandler
                0x08000e3c                DMA1_Stream6_IRQHandler
                0x08000e3c                DMA1_Stream1_IRQHandler
                0x08000e3c                UART4_IRQHandler
                0x08000e3c                TIM3_IRQHandler
                0x08000e3c                RCC_IRQHandler
                0x08000e3c                TIM8_BRK_TIM12_IRQHandler
                0x08000e3c                Default_Handler
                0x08000e3c                EXTI15_10_IRQHandler
                0x08000e3c                ADC_IRQHandler
                0x08000e3c                DMA1_Stream7_IRQHandler
                0x08000e3c                TIM7_IRQHandler
                0x08000e3c                CAN2_TX_IRQHandler
                0x08000e3c                TIM5_IRQHandler
                0x08000e3c                DMA2_Stream7_IRQHandler
                0x08000e3c                I2C3_EV_IRQHandler
                0x08000e3c                EXTI9_5_IRQHandler
                0x08000e3c                RTC_WKUP_IRQHandler
                0x08000e3c                ETH_WKUP_IRQHandler
                0x08000e3c                SPI2_IRQHandler
                0x08000e3c                OTG_HS_EP1_IN_IRQHandler
                0x08000e3c                MemManage_Handler
                0x08000e3c                DMA1_Stream0_IRQHandler
                0x08000e3c                CAN1_TX_IRQHandler
                0x08000e3c                SVC_Handler
                0x08000e3c                EXTI4_IRQHandler
                0x08000e3c                FSMC_IRQHandler
                0x08000e3c                ETH_IRQHandler
                0x08000e3c                OTG_HS_EP1_OUT_IRQHandler
                0x08000e3c                WWDG_IRQHandler
                0x08000e3c                TIM2_IRQHandler
                0x08000e3c                OTG_FS_WKUP_IRQHandler
                0x08000e3c                TIM1_TRG_COM_TIM11_IRQHandler
                0x08000e3c                OTG_HS_IRQHandler
                0x08000e3c                EXTI1_IRQHandler
                0x08000e3c                USART2_IRQHandler
                0x08000e3c                I2C2_ER_IRQHandler
                0x08000e3c                DMA2_Stream1_IRQHandler
                0x08000e3c                CAN1_SCE_IRQHandler
                0x08000e3c                DMA2_Stream4_IRQHandler
                0x08000e3c                BusFault_Handler
                0x08000e3c                USART1_IRQHandler
                0x08000e3c                OTG_FS_IRQHandler
                0x08000e3c                SPI3_IRQHandler
                0x08000e3c                DMA1_Stream4_IRQHandler
                0x08000e3c                I2C1_ER_IRQHandler
                0x08000e3c                DMA2_Stream6_IRQHandler
                0x08000e3c                DMA1_Stream3_IRQHandler
 *fill*         0x08000e3e        0x2 
 .text.GPIO_PeriClckCtrl
                0x08000e40      0x1d0 ./drivers/Src/stm32f407_gpio_driver.o
                0x08000e40                GPIO_PeriClckCtrl
 .text.GPIO_Init
                0x08001010      0x344 ./drivers/Src/stm32f407_gpio_driver.o
                0x08001010                GPIO_Init
 .text.GPIO_WriteToOutputPin
                0x08001354       0x4a ./drivers/Src/stm32f407_gpio_driver.o
                0x08001354                GPIO_WriteToOutputPin
 *fill*         0x0800139e        0x2 
 .text.I2C_PeriClckCtrl
                0x080013a0       0xb0 ./drivers/Src/stm32f407_i2c_driver.o
                0x080013a0                I2C_PeriClckCtrl
 .text.I2C_PeripheralControl
                0x08001450       0x38 ./drivers/Src/stm32f407_i2c_driver.o
                0x08001450                I2C_PeripheralControl
 .text.I2C_GetFlagStatus
                0x08001488       0x28 ./drivers/Src/stm32f407_i2c_driver.o
                0x08001488                I2C_GetFlagStatus
 .text.I2C_Init
                0x080014b0      0x160 ./drivers/Src/stm32f407_i2c_driver.o
                0x080014b0                I2C_Init
 .text.I2C_MasterSendData
                0x08001610       0xc6 ./drivers/Src/stm32f407_i2c_driver.o
                0x08001610                I2C_MasterSendData
 .text.I2C_MasterReceiveData
                0x080016d6      0x11c ./drivers/Src/stm32f407_i2c_driver.o
                0x080016d6                I2C_MasterReceiveData
 .text.I2C_ManageAcking
                0x080017f2       0x38 ./drivers/Src/stm32f407_i2c_driver.o
                0x080017f2                I2C_ManageAcking
 .text.I2C_GenerateStartCondition
                0x0800182a       0x20 ./drivers/Src/stm32f407_i2c_driver.o
 .text.I2C_GenerateStopCondition
                0x0800184a       0x20 ./drivers/Src/stm32f407_i2c_driver.o
                0x0800184a                I2C_GenerateStopCondition
 .text.I2C_ExecuteAddressPhaseWrite
                0x0800186a       0x2c ./drivers/Src/stm32f407_i2c_driver.o
 .text.I2C_ExecuteAddressPhaseRead
                0x08001896       0x2c ./drivers/Src/stm32f407_i2c_driver.o
 .text.I2C_ClearADDRFlag
                0x080018c2       0x6e ./drivers/Src/stm32f407_i2c_driver.o
 .text.RCC_GetPCLK1Value
                0x08001930       0xb0 ./drivers/Src/stm32f407xx_rcc_driver.o
                0x08001930                RCC_GetPCLK1Value
 .text.RCC_GetPLLOutPutClock
                0x080019e0       0x10 ./drivers/Src/stm32f407xx_rcc_driver.o
                0x080019e0                RCC_GetPLLOutPutClock
 .text.std      0x080019f0       0x6c C:/ST/STM32CubeIDE_1.16.1/STM32CubeIDE/plugins/com.st.stm32cube.ide.mcu.externaltools.gnu-tools-for-stm32.12.3.rel1.win32_1.0.200.202406191623/tools/bin/../lib/gcc/arm-none-eabi/12.3.1/../../../../arm-none-eabi/lib/thumb/v7e-m+fp/hard\libc_nano.a(libc_a-findfp.o)
 .text.stdio_exit_handler
                0x08001a5c       0x18 C:/ST/STM32CubeIDE_1.16.1/STM32CubeIDE/plugins/com.st.stm32cube.ide.mcu.externaltools.gnu-tools-for-stm32.12.3.rel1.win32_1.0.200.202406191623/tools/bin/../lib/gcc/arm-none-eabi/12.3.1/../../../../arm-none-eabi/lib/thumb/v7e-m+fp/hard\libc_nano.a(libc_a-findfp.o)
 .text.cleanup_stdio
                0x08001a74       0x40 C:/ST/STM32CubeIDE_1.16.1/STM32CubeIDE/plugins/com.st.stm32cube.ide.mcu.externaltools.gnu-tools-for-stm32.12.3.rel1.win32_1.0.200.202406191623/tools/bin/../lib/gcc/arm-none-eabi/12.3.1/../../../../arm-none-eabi/lib/thumb/v7e-m+fp/hard\libc_nano.a(libc_a-findfp.o)
 .text.global_stdio_init.part.0
                0x08001ab4       0x3c C:/ST/STM32CubeIDE_1.16.1/STM32CubeIDE/plugins/com.st.stm32cube.ide.mcu.externaltools.gnu-tools-for-stm32.12.3.rel1.win32_1.0.200.202406191623/tools/bin/../lib/gcc/arm-none-eabi/12.3.1/../../../../arm-none-eabi/lib/thumb/v7e-m+fp/hard\libc_nano.a(libc_a-findfp.o)
 .text.__sfp_lock_acquire
                0x08001af0        0xc C:/ST/STM32CubeIDE_1.16.1/STM32CubeIDE/plugins/com.st.stm32cube.ide.mcu.externaltools.gnu-tools-for-stm32.12.3.rel1.win32_1.0.200.202406191623/tools/bin/../lib/gcc/arm-none-eabi/12.3.1/../../../../arm-none-eabi/lib/thumb/v7e-m+fp/hard\libc_nano.a(libc_a-findfp.o)
                0x08001af0                __sfp_lock_acquire
 .text.__sfp_lock_release
                0x08001afc        0xc C:/ST/STM32CubeIDE_1.16.1/STM32CubeIDE/plugins/com.st.stm32cube.ide.mcu.externaltools.gnu-tools-for-stm32.12.3.rel1.win32_1.0.200.202406191623/tools/bin/../lib/gcc/arm-none-eabi/12.3.1/../../../../arm-none-eabi/lib/thumb/v7e-m+fp/hard\libc_nano.a(libc_a-findfp.o)
                0x08001afc                __sfp_lock_release
 .text.__sinit  0x08001b08       0x30 C:/ST/STM32CubeIDE_1.16.1/STM32CubeIDE/plugins/com.st.stm32cube.ide.mcu.externaltools.gnu-tools-for-stm32.12.3.rel1.win32_1.0.200.202406191623/tools/bin/../lib/gcc/arm-none-eabi/12.3.1/../../../../arm-none-eabi/lib/thumb/v7e-m+fp/hard\libc_nano.a(libc_a-findfp.o)
                0x08001b08                __sinit
 .text._fwalk_sglue
                0x08001b38       0x3c C:/ST/STM32CubeIDE_1.16.1/STM32CubeIDE/plugins/com.st.stm32cube.ide.mcu.externaltools.gnu-tools-for-stm32.12.3.rel1.win32_1.0.200.202406191623/tools/bin/../lib/gcc/arm-none-eabi/12.3.1/../../../../arm-none-eabi/lib/thumb/v7e-m+fp/hard\libc_nano.a(libc_a-fwalk.o)
                0x08001b38                _fwalk_sglue
 .text._puts_r  0x08001b74       0xaa C:/ST/STM32CubeIDE_1.16.1/STM32CubeIDE/plugins/com.st.stm32cube.ide.mcu.externaltools.gnu-tools-for-stm32.12.3.rel1.win32_1.0.200.202406191623/tools/bin/../lib/gcc/arm-none-eabi/12.3.1/../../../../arm-none-eabi/lib/thumb/v7e-m+fp/hard\libc_nano.a(libc_a-puts.o)
                0x08001b74                _puts_r
 *fill*         0x08001c1e        0x2 
 .text.puts     0x08001c20       0x10 C:/ST/STM32CubeIDE_1.16.1/STM32CubeIDE/plugins/com.st.stm32cube.ide.mcu.externaltools.gnu-tools-for-stm32.12.3.rel1.win32_1.0.200.202406191623/tools/bin/../lib/gcc/arm-none-eabi/12.3.1/../../../../arm-none-eabi/lib/thumb/v7e-m+fp/hard\libc_nano.a(libc_a-puts.o)
                0x08001c20                puts
 .text.__sread  0x08001c30       0x22 C:/ST/STM32CubeIDE_1.16.1/STM32CubeIDE/plugins/com.st.stm32cube.ide.mcu.externaltools.gnu-tools-for-stm32.12.3.rel1.win32_1.0.200.202406191623/tools/bin/../lib/gcc/arm-none-eabi/12.3.1/../../../../arm-none-eabi/lib/thumb/v7e-m+fp/hard\libc_nano.a(libc_a-stdio.o)
                0x08001c30                __sread
 .text.__swrite
                0x08001c52       0x38 C:/ST/STM32CubeIDE_1.16.1/STM32CubeIDE/plugins/com.st.stm32cube.ide.mcu.externaltools.gnu-tools-for-stm32.12.3.rel1.win32_1.0.200.202406191623/tools/bin/../lib/gcc/arm-none-eabi/12.3.1/../../../../arm-none-eabi/lib/thumb/v7e-m+fp/hard\libc_nano.a(libc_a-stdio.o)
                0x08001c52                __swrite
 .text.__sseek  0x08001c8a       0x24 C:/ST/STM32CubeIDE_1.16.1/STM32CubeIDE/plugins/com.st.stm32cube.ide.mcu.externaltools.gnu-tools-for-stm32.12.3.rel1.win32_1.0.200.202406191623/tools/bin/../lib/gcc/arm-none-eabi/12.3.1/../../../../arm-none-eabi/lib/thumb/v7e-m+fp/hard\libc_nano.a(libc_a-stdio.o)
                0x08001c8a                __sseek
 .text.__sclose
                0x08001cae        0x8 C:/ST/STM32CubeIDE_1.16.1/STM32CubeIDE/plugins/com.st.stm32cube.ide.mcu.externaltools.gnu-tools-for-stm32.12.3.rel1.win32_1.0.200.202406191623/tools/bin/../lib/gcc/arm-none-eabi/12.3.1/../../../../arm-none-eabi/lib/thumb/v7e-m+fp/hard\libc_nano.a(libc_a-stdio.o)
                0x08001cae                __sclose
 .text.__swbuf_r
                0x08001cb6       0x7c C:/ST/STM32CubeIDE_1.16.1/STM32CubeIDE/plugins/com.st.stm32cube.ide.mcu.externaltools.gnu-tools-for-stm32.12.3.rel1.win32_1.0.200.202406191623/tools/bin/../lib/gcc/arm-none-eabi/12.3.1/../../../../arm-none-eabi/lib/thumb/v7e-m+fp/hard\libc_nano.a(libc_a-wbuf.o)
                0x08001cb6                __swbuf_r
 *fill*         0x08001d32        0x2 
 .text.__swsetup_r
                0x08001d34       0xac C:/ST/STM32CubeIDE_1.16.1/STM32CubeIDE/plugins/com.st.stm32cube.ide.mcu.externaltools.gnu-tools-for-stm32.12.3.rel1.win32_1.0.200.202406191623/tools/bin/../lib/gcc/arm-none-eabi/12.3.1/../../../../arm-none-eabi/lib/thumb/v7e-m+fp/hard\libc_nano.a(libc_a-wsetup.o)
                0x08001d34                __swsetup_r
 .text.memset   0x08001de0       0x10 C:/ST/STM32CubeIDE_1.16.1/STM32CubeIDE/plugins/com.st.stm32cube.ide.mcu.externaltools.gnu-tools-for-stm32.12.3.rel1.win32_1.0.200.202406191623/tools/bin/../lib/gcc/arm-none-eabi/12.3.1/../../../../arm-none-eabi/lib/thumb/v7e-m+fp/hard\libc_nano.a(libc_a-memset.o)
                0x08001de0                memset
 .text._close_r
                0x08001df0       0x20 C:/ST/STM32CubeIDE_1.16.1/STM32CubeIDE/plugins/com.st.stm32cube.ide.mcu.externaltools.gnu-tools-for-stm32.12.3.rel1.win32_1.0.200.202406191623/tools/bin/../lib/gcc/arm-none-eabi/12.3.1/../../../../arm-none-eabi/lib/thumb/v7e-m+fp/hard\libc_nano.a(libc_a-closer.o)
                0x08001df0                _close_r
 .text._lseek_r
                0x08001e10       0x24 C:/ST/STM32CubeIDE_1.16.1/STM32CubeIDE/plugins/com.st.stm32cube.ide.mcu.externaltools.gnu-tools-for-stm32.12.3.rel1.win32_1.0.200.202406191623/tools/bin/../lib/gcc/arm-none-eabi/12.3.1/../../../../arm-none-eabi/lib/thumb/v7e-m+fp/hard\libc_nano.a(libc_a-lseekr.o)
                0x08001e10                _lseek_r
 .text._read_r  0x08001e34       0x24 C:/ST/STM32CubeIDE_1.16.1/STM32CubeIDE/plugins/com.st.stm32cube.ide.mcu.externaltools.gnu-tools-for-stm32.12.3.rel1.win32_1.0.200.202406191623/tools/bin/../lib/gcc/arm-none-eabi/12.3.1/../../../../arm-none-eabi/lib/thumb/v7e-m+fp/hard\libc_nano.a(libc_a-readr.o)
                0x08001e34                _read_r
 .text._write_r
                0x08001e58       0x24 C:/ST/STM32CubeIDE_1.16.1/STM32CubeIDE/plugins/com.st.stm32cube.ide.mcu.externaltools.gnu-tools-for-stm32.12.3.rel1.win32_1.0.200.202406191623/tools/bin/../lib/gcc/arm-none-eabi/12.3.1/../../../../arm-none-eabi/lib/thumb/v7e-m+fp/hard\libc_nano.a(libc_a-writer.o)
                0x08001e58                _write_r
 .text.__errno  0x08001e7c        0xc C:/ST/STM32CubeIDE_1.16.1/STM32CubeIDE/plugins/com.st.stm32cube.ide.mcu.externaltools.gnu-tools-for-stm32.12.3.rel1.win32_1.0.200.202406191623/tools/bin/../lib/gcc/arm-none-eabi/12.3.1/../../../../arm-none-eabi/lib/thumb/v7e-m+fp/hard\libc_nano.a(libc_a-errno.o)
                0x08001e7c                __errno
 .text.__libc_init_array
                0x08001e88       0x48 C:/ST/STM32CubeIDE_1.16.1/STM32CubeIDE/plugins/com.st.stm32cube.ide.mcu.externaltools.gnu-tools-for-stm32.12.3.rel1.win32_1.0.200.202406191623/tools/bin/../lib/gcc/arm-none-eabi/12.3.1/../../../../arm-none-eabi/lib/thumb/v7e-m+fp/hard\libc_nano.a(libc_a-init.o)
                0x08001e88                __libc_init_array
 .text.__retarget_lock_init_recursive
                0x08001ed0        0x2 C:/ST/STM32CubeIDE_1.16.1/STM32CubeIDE/plugins/com.st.stm32cube.ide.mcu.externaltools.gnu-tools-for-stm32.12.3.rel1.win32_1.0.200.202406191623/tools/bin/../lib/gcc/arm-none-eabi/12.3.1/../../../../arm-none-eabi/lib/thumb/v7e-m+fp/hard\libc_nano.a(libc_a-lock.o)
                0x08001ed0                __retarget_lock_init_recursive
 .text.__retarget_lock_acquire_recursive
                0x08001ed2        0x2 C:/ST/STM32CubeIDE_1.16.1/STM32CubeIDE/plugins/com.st.stm32cube.ide.mcu.externaltools.gnu-tools-for-stm32.12.3.rel1.win32_1.0.200.202406191623/tools/bin/../lib/gcc/arm-none-eabi/12.3.1/../../../../arm-none-eabi/lib/thumb/v7e-m+fp/hard\libc_nano.a(libc_a-lock.o)
                0x08001ed2                __retarget_lock_acquire_recursive
 .text.__retarget_lock_release_recursive
                0x08001ed4        0x2 C:/ST/STM32CubeIDE_1.16.1/STM32CubeIDE/plugins/com.st.stm32cube.ide.mcu.externaltools.gnu-tools-for-stm32.12.3.rel1.win32_1.0.200.202406191623/tools/bin/../lib/gcc/arm-none-eabi/12.3.1/../../../../arm-none-eabi/lib/thumb/v7e-m+fp/hard\libc_nano.a(libc_a-lock.o)
                0x08001ed4                __retarget_lock_release_recursive
 *fill*         0x08001ed6        0x2 
 .text._free_r  0x08001ed8       0x94 C:/ST/STM32CubeIDE_1.16.1/STM32CubeIDE/plugins/com.st.stm32cube.ide.mcu.externaltools.gnu-tools-for-stm32.12.3.rel1.win32_1.0.200.202406191623/tools/bin/../lib/gcc/arm-none-eabi/12.3.1/../../../../arm-none-eabi/lib/thumb/v7e-m+fp/hard\libc_nano.a(libc_a-freer.o)
                0x08001ed8                _free_r
 .text.sbrk_aligned
                0x08001f6c       0x44 C:/ST/STM32CubeIDE_1.16.1/STM32CubeIDE/plugins/com.st.stm32cube.ide.mcu.externaltools.gnu-tools-for-stm32.12.3.rel1.win32_1.0.200.202406191623/tools/bin/../lib/gcc/arm-none-eabi/12.3.1/../../../../arm-none-eabi/lib/thumb/v7e-m+fp/hard\libc_nano.a(libc_a-mallocr.o)
 .text._malloc_r
                0x08001fb0      0x100 C:/ST/STM32CubeIDE_1.16.1/STM32CubeIDE/plugins/com.st.stm32cube.ide.mcu.externaltools.gnu-tools-for-stm32.12.3.rel1.win32_1.0.200.202406191623/tools/bin/../lib/gcc/arm-none-eabi/12.3.1/../../../../arm-none-eabi/lib/thumb/v7e-m+fp/hard\libc_nano.a(libc_a-mallocr.o)
                0x08001fb0                _malloc_r
 .text.__malloc_lock
                0x080020b0        0xc C:/ST/STM32CubeIDE_1.16.1/STM32CubeIDE/plugins/com.st.stm32cube.ide.mcu.externaltools.gnu-tools-for-stm32.12.3.rel1.win32_1.0.200.202406191623/tools/bin/../lib/gcc/arm-none-eabi/12.3.1/../../../../arm-none-eabi/lib/thumb/v7e-m+fp/hard\libc_nano.a(libc_a-mlock.o)
                0x080020b0                __malloc_lock
 .text.__malloc_unlock
                0x080020bc        0xc C:/ST/STM32CubeIDE_1.16.1/STM32CubeIDE/plugins/com.st.stm32cube.ide.mcu.externaltools.gnu-tools-for-stm32.12.3.rel1.win32_1.0.200.202406191623/tools/bin/../lib/gcc/arm-none-eabi/12.3.1/../../../../arm-none-eabi/lib/thumb/v7e-m+fp/hard\libc_nano.a(libc_a-mlock.o)
                0x080020bc                __malloc_unlock
 .text.__sflush_r
                0x080020c8      0x108 C:/ST/STM32CubeIDE_1.16.1/STM32CubeIDE/plugins/com.st.stm32cube.ide.mcu.externaltools.gnu-tools-for-stm32.12.3.rel1.win32_1.0.200.202406191623/tools/bin/../lib/gcc/arm-none-eabi/12.3.1/../../../../arm-none-eabi/lib/thumb/v7e-m+fp/hard\libc_nano.a(libc_a-fflush.o)
                0x080020c8                __sflush_r
 .text._fflush_r
                0x080021d0       0x50 C:/ST/STM32CubeIDE_1.16.1/STM32CubeIDE/plugins/com.st.stm32cube.ide.mcu.externaltools.gnu-tools-for-stm32.12.3.rel1.win32_1.0.200.202406191623/tools/bin/../lib/gcc/arm-none-eabi/12.3.1/../../../../arm-none-eabi/lib/thumb/v7e-m+fp/hard\libc_nano.a(libc_a-fflush.o)
                0x080021d0                _fflush_r
 .text.__swhatbuf_r
                0x08002220       0x4c C:/ST/STM32CubeIDE_1.16.1/STM32CubeIDE/plugins/com.st.stm32cube.ide.mcu.externaltools.gnu-tools-for-stm32.12.3.rel1.win32_1.0.200.202406191623/tools/bin/../lib/gcc/arm-none-eabi/12.3.1/../../../../arm-none-eabi/lib/thumb/v7e-m+fp/hard\libc_nano.a(libc_a-makebuf.o)
                0x08002220                __swhatbuf_r
 .text.__smakebuf_r
                0x0800226c       0x78 C:/ST/STM32CubeIDE_1.16.1/STM32CubeIDE/plugins/com.st.stm32cube.ide.mcu.externaltools.gnu-tools-for-stm32.12.3.rel1.win32_1.0.200.202406191623/tools/bin/../lib/gcc/arm-none-eabi/12.3.1/../../../../arm-none-eabi/lib/thumb/v7e-m+fp/hard\libc_nano.a(libc_a-makebuf.o)
                0x0800226c                __smakebuf_r
 .text._fstat_r
                0x080022e4       0x24 C:/ST/STM32CubeIDE_1.16.1/STM32CubeIDE/plugins/com.st.stm32cube.ide.mcu.externaltools.gnu-tools-for-stm32.12.3.rel1.win32_1.0.200.202406191623/tools/bin/../lib/gcc/arm-none-eabi/12.3.1/../../../../arm-none-eabi/lib/thumb/v7e-m+fp/hard\libc_nano.a(libc_a-fstatr.o)
                0x080022e4                _fstat_r
 .text._isatty_r
                0x08002308       0x20 C:/ST/STM32CubeIDE_1.16.1/STM32CubeIDE/plugins/com.st.stm32cube.ide.mcu.externaltools.gnu-tools-for-stm32.12.3.rel1.win32_1.0.200.202406191623/tools/bin/../lib/gcc/arm-none-eabi/12.3.1/../../../../arm-none-eabi/lib/thumb/v7e-m+fp/hard\libc_nano.a(libc_a-isattyr.o)
                0x08002308                _isatty_r
 .text._sbrk_r  0x08002328       0x20 C:/ST/STM32CubeIDE_1.16.1/STM32CubeIDE/plugins/com.st.stm32cube.ide.mcu.externaltools.gnu-tools-for-stm32.12.3.rel1.win32_1.0.200.202406191623/tools/bin/../lib/gcc/arm-none-eabi/12.3.1/../../../../arm-none-eabi/lib/thumb/v7e-m+fp/hard\libc_nano.a(libc_a-sbrkr.o)
                0x08002328                _sbrk_r
 *(.glue_7)
 .glue_7        0x08002348        0x0 linker stubs
 *(.glue_7t)
 .glue_7t       0x08002348        0x0 linker stubs
 *(.eh_frame)
 .eh_frame      0x08002348        0x0 C:/ST/STM32CubeIDE_1.16.1/STM32CubeIDE/plugins/com.st.stm32cube.ide.mcu.externaltools.gnu-tools-for-stm32.12.3.rel1.win32_1.0.200.202406191623/tools/bin/../lib/gcc/arm-none-eabi/12.3.1/thumb/v7e-m+fp/hard/crtbegin.o
 *(.init)
 .init          0x08002348        0x4 C:/ST/STM32CubeIDE_1.16.1/STM32CubeIDE/plugins/com.st.stm32cube.ide.mcu.externaltools.gnu-tools-for-stm32.12.3.rel1.win32_1.0.200.202406191623/tools/bin/../lib/gcc/arm-none-eabi/12.3.1/thumb/v7e-m+fp/hard/crti.o
                0x08002348                _init
 .init          0x0800234c        0x8 C:/ST/STM32CubeIDE_1.16.1/STM32CubeIDE/plugins/com.st.stm32cube.ide.mcu.externaltools.gnu-tools-for-stm32.12.3.rel1.win32_1.0.200.202406191623/tools/bin/../lib/gcc/arm-none-eabi/12.3.1/thumb/v7e-m+fp/hard/crtn.o
 *(.fini)
 .fini          0x08002354        0x4 C:/ST/STM32CubeIDE_1.16.1/STM32CubeIDE/plugins/com.st.stm32cube.ide.mcu.externaltools.gnu-tools-for-stm32.12.3.rel1.win32_1.0.200.202406191623/tools/bin/../lib/gcc/arm-none-eabi/12.3.1/thumb/v7e-m+fp/hard/crti.o
                0x08002354                _fini
 .fini          0x08002358        0x8 C:/ST/STM32CubeIDE_1.16.1/STM32CubeIDE/plugins/com.st.stm32cube.ide.mcu.externaltools.gnu-tools-for-stm32.12.3.rel1.win32_1.0.200.202406191623/tools/bin/../lib/gcc/arm-none-eabi/12.3.1/thumb/v7e-m+fp/hard/crtn.o
                0x08002360                        . = ALIGN (0x4)
                0x08002360                        _etext = .

.vfp11_veneer   0x08002360        0x0
 .vfp11_veneer  0x08002360        0x0 linker stubs

.v4_bx          0x08002360        0x0
 .v4_bx         0x08002360        0x0 linker stubs

.iplt           0x08002360        0x0
 .iplt          0x08002360        0x0 C:/ST/STM32CubeIDE_1.16.1/STM32CubeIDE/plugins/com.st.stm32cube.ide.mcu.externaltools.gnu-tools-for-stm32.12.3.rel1.win32_1.0.200.202406191623/tools/bin/../lib/gcc/arm-none-eabi/12.3.1/thumb/v7e-m+fp/hard/crtbegin.o

.rodata         0x08002360       0x78
                0x08002360                        . = ALIGN (0x4)
 *(.rodata)
 .rodata        0x08002360       0x77 ./Src/017rtc_lcd.o
 *(.rodata*)
                0x080023d8                        . = ALIGN (0x4)
 *fill*         0x080023d7        0x1 

.ARM.extab      0x080023d8        0x0
                0x080023d8                        . = ALIGN (0x4)
 *(.ARM.extab* .gnu.linkonce.armextab.*)
                0x080023d8                        . = ALIGN (0x4)

.ARM            0x080023d8        0x0
                0x080023d8                        . = ALIGN (0x4)
                0x080023d8                        __exidx_start = .
 *(.ARM.exidx*)
                0x080023d8                        __exidx_end = .
                0x080023d8                        . = ALIGN (0x4)

.preinit_array  0x080023d8        0x0
                0x080023d8                        . = ALIGN (0x4)
                0x080023d8                        PROVIDE (__preinit_array_start = .)
 *(.preinit_array*)
                0x080023d8                        PROVIDE (__preinit_array_end = .)
                0x080023d8                        . = ALIGN (0x4)

.init_array     0x080023d8        0x4
                0x080023d8                        . = ALIGN (0x4)
                0x080023d8                        PROVIDE (__init_array_start = .)
 *(SORT_BY_NAME(.init_array.*))
 *(.init_array*)
 .init_array    0x080023d8        0x4 C:/ST/STM32CubeIDE_1.16.1/STM32CubeIDE/plugins/com.st.stm32cube.ide.mcu.externaltools.gnu-tools-for-stm32.12.3.rel1.win32_1.0.200.202406191623/tools/bin/../lib/gcc/arm-none-eabi/12.3.1/thumb/v7e-m+fp/hard/crtbegin.o
                0x080023dc                        PROVIDE (__init_array_end = .)
                0x080023dc                        . = ALIGN (0x4)

.fini_array     0x080023dc        0x4
                0x080023dc                        . = ALIGN (0x4)
                [!provide]                        PROVIDE (__fini_array_start = .)
 *(SORT_BY_NAME(.fini_array.*))
 *(.fini_array*)
 .fini_array    0x080023dc        0x4 C:/ST/STM32CubeIDE_1.16.1/STM32CubeIDE/plugins/com.st.stm32cube.ide.mcu.externaltools.gnu-tools-for-stm32.12.3.rel1.win32_1.0.200.202406191623/tools/bin/../lib/gcc/arm-none-eabi/12.3.1/thumb/v7e-m+fp/hard/crtbegin.o
                [!provide]                        PROVIDE (__fini_array_end = .)
                0x080023e0                        . = ALIGN (0x4)
                0x080023e0                        _sidata = LOADADDR (.data)

.rel.dyn        0x080023e0        0x0
 .rel.iplt      0x080023e0        0x0 C:/ST/STM32CubeIDE_1.16.1/STM32CubeIDE/plugins/com.st.stm32cube.ide.mcu.externaltools.gnu-tools-for-stm32.12.3.rel1.win32_1.0.200.202406191623/tools/bin/../lib/gcc/arm-none-eabi/12.3.1/thumb/v7e-m+fp/hard/crtbegin.o

.data           0x20000000       0x70 load address 0x080023e0
                0x20000000                        . = ALIGN (0x4)
                0x20000000                        _sdata = .
 *(.data)
 *(.data*)
 .data.AHB_PreScaler
                0x20000000       0x10 ./drivers/Src/stm32f407xx_rcc_driver.o
                0x20000000                AHB_PreScaler
 .data.APB1_PreScaler
                0x20000010        0x4 ./drivers/Src/stm32f407xx_rcc_driver.o
                0x20000010                APB1_PreScaler
 .data.__sglue  0x20000014        0xc C:/ST/STM32CubeIDE_1.16.1/STM32CubeIDE/plugins/com.st.stm32cube.ide.mcu.externaltools.gnu-tools-for-stm32.12.3.rel1.win32_1.0.200.202406191623/tools/bin/../lib/gcc/arm-none-eabi/12.3.1/../../../../arm-none-eabi/lib/thumb/v7e-m+fp/hard\libc_nano.a(libc_a-findfp.o)
                0x20000014                __sglue
 .data._impure_ptr
                0x20000020        0x4 C:/ST/STM32CubeIDE_1.16.1/STM32CubeIDE/plugins/com.st.stm32cube.ide.mcu.externaltools.gnu-tools-for-stm32.12.3.rel1.win32_1.0.200.202406191623/tools/bin/../lib/gcc/arm-none-eabi/12.3.1/../../../../arm-none-eabi/lib/thumb/v7e-m+fp/hard\libc_nano.a(libc_a-impure.o)
                0x20000020                _impure_ptr
 .data._impure_data
                0x20000024       0x4c C:/ST/STM32CubeIDE_1.16.1/STM32CubeIDE/plugins/com.st.stm32cube.ide.mcu.externaltools.gnu-tools-for-stm32.12.3.rel1.win32_1.0.200.202406191623/tools/bin/../lib/gcc/arm-none-eabi/12.3.1/../../../../arm-none-eabi/lib/thumb/v7e-m+fp/hard\libc_nano.a(libc_a-impure.o)
                0x20000024                _impure_data
 *(.RamFunc)
 *(.RamFunc*)
                0x20000070                        . = ALIGN (0x4)
                0x20000070                        _edata = .
                0x08002450                        _siccmram = LOADADDR (.ccmram)

.igot.plt       0x20000070        0x0 load address 0x08002450
 .igot.plt      0x20000070        0x0 C:/ST/STM32CubeIDE_1.16.1/STM32CubeIDE/plugins/com.st.stm32cube.ide.mcu.externaltools.gnu-tools-for-stm32.12.3.rel1.win32_1.0.200.202406191623/tools/bin/../lib/gcc/arm-none-eabi/12.3.1/thumb/v7e-m+fp/hard/crtbegin.o

.ccmram         0x10000000        0x0 load address 0x08002450
                0x10000000                        . = ALIGN (0x4)
                0x10000000                        _sccmram = .
 *(.ccmram)
 *(.ccmram*)
                0x10000000                        . = ALIGN (0x4)
                0x10000000                        _eccmram = .
                0x10000000                        . = ALIGN (0x4)

.bss            0x20000070      0x1ac
                0x20000070                        _sbss = .
                0x20000070                        __bss_start__ = _sbss
 *(.bss)
 .bss           0x20000070       0x1c C:/ST/STM32CubeIDE_1.16.1/STM32CubeIDE/plugins/com.st.stm32cube.ide.mcu.externaltools.gnu-tools-for-stm32.12.3.rel1.win32_1.0.200.202406191623/tools/bin/../lib/gcc/arm-none-eabi/12.3.1/thumb/v7e-m+fp/hard/crtbegin.o
 *(.bss*)
 .bss.g_ds1307I2C_handle
                0x2000008c       0x28 ./BSP/ds1307.o
                0x2000008c                g_ds1307I2C_handle
 .bss.buf.1     0x200000b4        0x9 ./Src/017rtc_lcd.o
 *fill*         0x200000bd        0x3 
 .bss.buf.0     0x200000c0        0x9 ./Src/017rtc_lcd.o
 *fill*         0x200000c9        0x3 
 .bss.__sbrk_heap_end
                0x200000cc        0x4 ./Src/sysmem.o
 .bss.__sf      0x200000d0      0x138 C:/ST/STM32CubeIDE_1.16.1/STM32CubeIDE/plugins/com.st.stm32cube.ide.mcu.externaltools.gnu-tools-for-stm32.12.3.rel1.win32_1.0.200.202406191623/tools/bin/../lib/gcc/arm-none-eabi/12.3.1/../../../../arm-none-eabi/lib/thumb/v7e-m+fp/hard\libc_nano.a(libc_a-findfp.o)
                0x200000d0                __sf
 .bss.__stdio_exit_handler
                0x20000208        0x4 C:/ST/STM32CubeIDE_1.16.1/STM32CubeIDE/plugins/com.st.stm32cube.ide.mcu.externaltools.gnu-tools-for-stm32.12.3.rel1.win32_1.0.200.202406191623/tools/bin/../lib/gcc/arm-none-eabi/12.3.1/../../../../arm-none-eabi/lib/thumb/v7e-m+fp/hard\libc_nano.a(libc_a-findfp.o)
                0x20000208                __stdio_exit_handler
 .bss.errno     0x2000020c        0x4 C:/ST/STM32CubeIDE_1.16.1/STM32CubeIDE/plugins/com.st.stm32cube.ide.mcu.externaltools.gnu-tools-for-stm32.12.3.rel1.win32_1.0.200.202406191623/tools/bin/../lib/gcc/arm-none-eabi/12.3.1/../../../../arm-none-eabi/lib/thumb/v7e-m+fp/hard\libc_nano.a(libc_a-reent.o)
                0x2000020c                errno
 .bss.__lock___malloc_recursive_mutex
                0x20000210        0x1 C:/ST/STM32CubeIDE_1.16.1/STM32CubeIDE/plugins/com.st.stm32cube.ide.mcu.externaltools.gnu-tools-for-stm32.12.3.rel1.win32_1.0.200.202406191623/tools/bin/../lib/gcc/arm-none-eabi/12.3.1/../../../../arm-none-eabi/lib/thumb/v7e-m+fp/hard\libc_nano.a(libc_a-lock.o)
                0x20000210                __lock___malloc_recursive_mutex
 .bss.__lock___sfp_recursive_mutex
                0x20000211        0x1 C:/ST/STM32CubeIDE_1.16.1/STM32CubeIDE/plugins/com.st.stm32cube.ide.mcu.externaltools.gnu-tools-for-stm32.12.3.rel1.win32_1.0.200.202406191623/tools/bin/../lib/gcc/arm-none-eabi/12.3.1/../../../../arm-none-eabi/lib/thumb/v7e-m+fp/hard\libc_nano.a(libc_a-lock.o)
                0x20000211                __lock___sfp_recursive_mutex
 *fill*         0x20000212        0x2 
 .bss.__malloc_sbrk_start
                0x20000214        0x4 C:/ST/STM32CubeIDE_1.16.1/STM32CubeIDE/plugins/com.st.stm32cube.ide.mcu.externaltools.gnu-tools-for-stm32.12.3.rel1.win32_1.0.200.202406191623/tools/bin/../lib/gcc/arm-none-eabi/12.3.1/../../../../arm-none-eabi/lib/thumb/v7e-m+fp/hard\libc_nano.a(libc_a-mallocr.o)
                0x20000214                __malloc_sbrk_start
 .bss.__malloc_free_list
                0x20000218        0x4 C:/ST/STM32CubeIDE_1.16.1/STM32CubeIDE/plugins/com.st.stm32cube.ide.mcu.externaltools.gnu-tools-for-stm32.12.3.rel1.win32_1.0.200.202406191623/tools/bin/../lib/gcc/arm-none-eabi/12.3.1/../../../../arm-none-eabi/lib/thumb/v7e-m+fp/hard\libc_nano.a(libc_a-mallocr.o)
                0x20000218                __malloc_free_list
 *(COMMON)
                0x2000021c                        . = ALIGN (0x4)
                0x2000021c                        _ebss = .
                0x2000021c                        __bss_end__ = _ebss

._user_heap_stack
                0x2000021c      0x604
                0x20000220                        . = ALIGN (0x8)
 *fill*         0x2000021c        0x4 
                [!provide]                        PROVIDE (end = .)
                0x20000220                        PROVIDE (_end = .)
                0x20000420                        . = (. + _Min_Heap_Size)
 *fill*         0x20000220      0x200 
                0x20000820                        . = (. + _Min_Stack_Size)
 *fill*         0x20000420      0x400 
                0x20000820                        . = ALIGN (0x8)

/DISCARD/
 libc.a(*)
 libm.a(*)
 libgcc.a(*)

.ARM.attributes
                0x00000000       0x30
 *(.ARM.attributes)
 .ARM.attributes
                0x00000000       0x22 C:/ST/STM32CubeIDE_1.16.1/STM32CubeIDE/plugins/com.st.stm32cube.ide.mcu.externaltools.gnu-tools-for-stm32.12.3.rel1.win32_1.0.200.202406191623/tools/bin/../lib/gcc/arm-none-eabi/12.3.1/thumb/v7e-m+fp/hard/crti.o
 .ARM.attributes
                0x00000022       0x34 C:/ST/STM32CubeIDE_1.16.1/STM32CubeIDE/plugins/com.st.stm32cube.ide.mcu.externaltools.gnu-tools-for-stm32.12.3.rel1.win32_1.0.200.202406191623/tools/bin/../lib/gcc/arm-none-eabi/12.3.1/thumb/v7e-m+fp/hard/crtbegin.o
 .ARM.attributes
                0x00000056       0x34 ./BSP/ds1307.o
 .ARM.attributes
                0x0000008a       0x34 ./BSP/lcd.o
 .ARM.attributes
                0x000000be       0x34 ./Src/017rtc_lcd.o
 .ARM.attributes
                0x000000f2       0x34 ./Src/syscalls.o
 .ARM.attributes
                0x00000126       0x34 ./Src/sysmem.o
 .ARM.attributes
                0x0000015a       0x21 ./Startup/startup_stm32f407vgtx.o
 .ARM.attributes
                0x0000017b       0x34 ./drivers/Src/stm32f407_gpio_driver.o
 .ARM.attributes
                0x000001af       0x34 ./drivers/Src/stm32f407_i2c_driver.o
 .ARM.attributes
                0x000001e3       0x34 ./drivers/Src/stm32f407xx_rcc_driver.o
 .ARM.attributes
                0x00000217       0x34 C:/ST/STM32CubeIDE_1.16.1/STM32CubeIDE/plugins/com.st.stm32cube.ide.mcu.externaltools.gnu-tools-for-stm32.12.3.rel1.win32_1.0.200.202406191623/tools/bin/../lib/gcc/arm-none-eabi/12.3.1/../../../../arm-none-eabi/lib/thumb/v7e-m+fp/hard\libc_nano.a(libc_a-findfp.o)
 .ARM.attributes
                0x0000024b       0x34 C:/ST/STM32CubeIDE_1.16.1/STM32CubeIDE/plugins/com.st.stm32cube.ide.mcu.externaltools.gnu-tools-for-stm32.12.3.rel1.win32_1.0.200.202406191623/tools/bin/../lib/gcc/arm-none-eabi/12.3.1/../../../../arm-none-eabi/lib/thumb/v7e-m+fp/hard\libc_nano.a(libc_a-fwalk.o)
 .ARM.attributes
                0x0000027f       0x34 C:/ST/STM32CubeIDE_1.16.1/STM32CubeIDE/plugins/com.st.stm32cube.ide.mcu.externaltools.gnu-tools-for-stm32.12.3.rel1.win32_1.0.200.202406191623/tools/bin/../lib/gcc/arm-none-eabi/12.3.1/../../../../arm-none-eabi/lib/thumb/v7e-m+fp/hard\libc_nano.a(libc_a-puts.o)
 .ARM.attributes
                0x000002b3       0x34 C:/ST/STM32CubeIDE_1.16.1/STM32CubeIDE/plugins/com.st.stm32cube.ide.mcu.externaltools.gnu-tools-for-stm32.12.3.rel1.win32_1.0.200.202406191623/tools/bin/../lib/gcc/arm-none-eabi/12.3.1/../../../../arm-none-eabi/lib/thumb/v7e-m+fp/hard\libc_nano.a(libc_a-stdio.o)
 .ARM.attributes
                0x000002e7       0x34 C:/ST/STM32CubeIDE_1.16.1/STM32CubeIDE/plugins/com.st.stm32cube.ide.mcu.externaltools.gnu-tools-for-stm32.12.3.rel1.win32_1.0.200.202406191623/tools/bin/../lib/gcc/arm-none-eabi/12.3.1/../../../../arm-none-eabi/lib/thumb/v7e-m+fp/hard\libc_nano.a(libc_a-wbuf.o)
 .ARM.attributes
                0x0000031b       0x34 C:/ST/STM32CubeIDE_1.16.1/STM32CubeIDE/plugins/com.st.stm32cube.ide.mcu.externaltools.gnu-tools-for-stm32.12.3.rel1.win32_1.0.200.202406191623/tools/bin/../lib/gcc/arm-none-eabi/12.3.1/../../../../arm-none-eabi/lib/thumb/v7e-m+fp/hard\libc_nano.a(libc_a-wsetup.o)
 .ARM.attributes
                0x0000034f       0x34 C:/ST/STM32CubeIDE_1.16.1/STM32CubeIDE/plugins/com.st.stm32cube.ide.mcu.externaltools.gnu-tools-for-stm32.12.3.rel1.win32_1.0.200.202406191623/tools/bin/../lib/gcc/arm-none-eabi/12.3.1/../../../../arm-none-eabi/lib/thumb/v7e-m+fp/hard\libc_nano.a(libc_a-memset.o)
 .ARM.attributes
                0x00000383       0x34 C:/ST/STM32CubeIDE_1.16.1/STM32CubeIDE/plugins/com.st.stm32cube.ide.mcu.externaltools.gnu-tools-for-stm32.12.3.rel1.win32_1.0.200.202406191623/tools/bin/../lib/gcc/arm-none-eabi/12.3.1/../../../../arm-none-eabi/lib/thumb/v7e-m+fp/hard\libc_nano.a(libc_a-closer.o)
 .ARM.attributes
                0x000003b7       0x34 C:/ST/STM32CubeIDE_1.16.1/STM32CubeIDE/plugins/com.st.stm32cube.ide.mcu.externaltools.gnu-tools-for-stm32.12.3.rel1.win32_1.0.200.202406191623/tools/bin/../lib/gcc/arm-none-eabi/12.3.1/../../../../arm-none-eabi/lib/thumb/v7e-m+fp/hard\libc_nano.a(libc_a-reent.o)
 .ARM.attributes
                0x000003eb       0x34 C:/ST/STM32CubeIDE_1.16.1/STM32CubeIDE/plugins/com.st.stm32cube.ide.mcu.externaltools.gnu-tools-for-stm32.12.3.rel1.win32_1.0.200.202406191623/tools/bin/../lib/gcc/arm-none-eabi/12.3.1/../../../../arm-none-eabi/lib/thumb/v7e-m+fp/hard\libc_nano.a(libc_a-impure.o)
 .ARM.attributes
                0x0000041f       0x34 C:/ST/STM32CubeIDE_1.16.1/STM32CubeIDE/plugins/com.st.stm32cube.ide.mcu.externaltools.gnu-tools-for-stm32.12.3.rel1.win32_1.0.200.202406191623/tools/bin/../lib/gcc/arm-none-eabi/12.3.1/../../../../arm-none-eabi/lib/thumb/v7e-m+fp/hard\libc_nano.a(libc_a-lseekr.o)
 .ARM.attributes
                0x00000453       0x34 C:/ST/STM32CubeIDE_1.16.1/STM32CubeIDE/plugins/com.st.stm32cube.ide.mcu.externaltools.gnu-tools-for-stm32.12.3.rel1.win32_1.0.200.202406191623/tools/bin/../lib/gcc/arm-none-eabi/12.3.1/../../../../arm-none-eabi/lib/thumb/v7e-m+fp/hard\libc_nano.a(libc_a-readr.o)
 .ARM.attributes
                0x00000487       0x34 C:/ST/STM32CubeIDE_1.16.1/STM32CubeIDE/plugins/com.st.stm32cube.ide.mcu.externaltools.gnu-tools-for-stm32.12.3.rel1.win32_1.0.200.202406191623/tools/bin/../lib/gcc/arm-none-eabi/12.3.1/../../../../arm-none-eabi/lib/thumb/v7e-m+fp/hard\libc_nano.a(libc_a-writer.o)
 .ARM.attributes
                0x000004bb       0x34 C:/ST/STM32CubeIDE_1.16.1/STM32CubeIDE/plugins/com.st.stm32cube.ide.mcu.externaltools.gnu-tools-for-stm32.12.3.rel1.win32_1.0.200.202406191623/tools/bin/../lib/gcc/arm-none-eabi/12.3.1/../../../../arm-none-eabi/lib/thumb/v7e-m+fp/hard\libc_nano.a(libc_a-errno.o)
 .ARM.attributes
                0x000004ef       0x34 C:/ST/STM32CubeIDE_1.16.1/STM32CubeIDE/plugins/com.st.stm32cube.ide.mcu.externaltools.gnu-tools-for-stm32.12.3.rel1.win32_1.0.200.202406191623/tools/bin/../lib/gcc/arm-none-eabi/12.3.1/../../../../arm-none-eabi/lib/thumb/v7e-m+fp/hard\libc_nano.a(libc_a-init.o)
 .ARM.attributes
                0x00000523       0x34 C:/ST/STM32CubeIDE_1.16.1/STM32CubeIDE/plugins/com.st.stm32cube.ide.mcu.externaltools.gnu-tools-for-stm32.12.3.rel1.win32_1.0.200.202406191623/tools/bin/../lib/gcc/arm-none-eabi/12.3.1/../../../../arm-none-eabi/lib/thumb/v7e-m+fp/hard\libc_nano.a(libc_a-lock.o)
 .ARM.attributes
                0x00000557       0x34 C:/ST/STM32CubeIDE_1.16.1/STM32CubeIDE/plugins/com.st.stm32cube.ide.mcu.externaltools.gnu-tools-for-stm32.12.3.rel1.win32_1.0.200.202406191623/tools/bin/../lib/gcc/arm-none-eabi/12.3.1/../../../../arm-none-eabi/lib/thumb/v7e-m+fp/hard\libc_nano.a(libc_a-freer.o)
 .ARM.attributes
                0x0000058b       0x34 C:/ST/STM32CubeIDE_1.16.1/STM32CubeIDE/plugins/com.st.stm32cube.ide.mcu.externaltools.gnu-tools-for-stm32.12.3.rel1.win32_1.0.200.202406191623/tools/bin/../lib/gcc/arm-none-eabi/12.3.1/../../../../arm-none-eabi/lib/thumb/v7e-m+fp/hard\libc_nano.a(libc_a-mallocr.o)
 .ARM.attributes
                0x000005bf       0x34 C:/ST/STM32CubeIDE_1.16.1/STM32CubeIDE/plugins/com.st.stm32cube.ide.mcu.externaltools.gnu-tools-for-stm32.12.3.rel1.win32_1.0.200.202406191623/tools/bin/../lib/gcc/arm-none-eabi/12.3.1/../../../../arm-none-eabi/lib/thumb/v7e-m+fp/hard\libc_nano.a(libc_a-mlock.o)
 .ARM.attributes
                0x000005f3       0x34 C:/ST/STM32CubeIDE_1.16.1/STM32CubeIDE/plugins/com.st.stm32cube.ide.mcu.externaltools.gnu-tools-for-stm32.12.3.rel1.win32_1.0.200.202406191623/tools/bin/../lib/gcc/arm-none-eabi/12.3.1/../../../../arm-none-eabi/lib/thumb/v7e-m+fp/hard\libc_nano.a(libc_a-fflush.o)
 .ARM.attributes
                0x00000627       0x34 C:/ST/STM32CubeIDE_1.16.1/STM32CubeIDE/plugins/com.st.stm32cube.ide.mcu.externaltools.gnu-tools-for-stm32.12.3.rel1.win32_1.0.200.202406191623/tools/bin/../lib/gcc/arm-none-eabi/12.3.1/../../../../arm-none-eabi/lib/thumb/v7e-m+fp/hard\libc_nano.a(libc_a-makebuf.o)
 .ARM.attributes
                0x0000065b       0x34 C:/ST/STM32CubeIDE_1.16.1/STM32CubeIDE/plugins/com.st.stm32cube.ide.mcu.externaltools.gnu-tools-for-stm32.12.3.rel1.win32_1.0.200.202406191623/tools/bin/../lib/gcc/arm-none-eabi/12.3.1/../../../../arm-none-eabi/lib/thumb/v7e-m+fp/hard\libc_nano.a(libc_a-fstatr.o)
 .ARM.attributes
                0x0000068f       0x34 C:/ST/STM32CubeIDE_1.16.1/STM32CubeIDE/plugins/com.st.stm32cube.ide.mcu.externaltools.gnu-tools-for-stm32.12.3.rel1.win32_1.0.200.202406191623/tools/bin/../lib/gcc/arm-none-eabi/12.3.1/../../../../arm-none-eabi/lib/thumb/v7e-m+fp/hard\libc_nano.a(libc_a-isattyr.o)
 .ARM.attributes
                0x000006c3       0x34 C:/ST/STM32CubeIDE_1.16.1/STM32CubeIDE/plugins/com.st.stm32cube.ide.mcu.externaltools.gnu-tools-for-stm32.12.3.rel1.win32_1.0.200.202406191623/tools/bin/../lib/gcc/arm-none-eabi/12.3.1/../../../../arm-none-eabi/lib/thumb/v7e-m+fp/hard\libc_nano.a(libc_a-sbrkr.o)
 .ARM.attributes
                0x000006f7       0x22 C:/ST/STM32CubeIDE_1.16.1/STM32CubeIDE/plugins/com.st.stm32cube.ide.mcu.externaltools.gnu-tools-for-stm32.12.3.rel1.win32_1.0.200.202406191623/tools/bin/../lib/gcc/arm-none-eabi/12.3.1/thumb/v7e-m+fp/hard/crtn.o
OUTPUT(stm32f4xx_drivers.elf elf32-littlearm)
LOAD linker stubs
LOAD C:/ST/STM32CubeIDE_1.16.1/STM32CubeIDE/plugins/com.st.stm32cube.ide.mcu.externaltools.gnu-tools-for-stm32.12.3.rel1.win32_1.0.200.202406191623/tools/bin/../lib/gcc/arm-none-eabi/12.3.1/../../../../arm-none-eabi/lib/thumb/v7e-m+fp/hard\libc.a
LOAD C:/ST/STM32CubeIDE_1.16.1/STM32CubeIDE/plugins/com.st.stm32cube.ide.mcu.externaltools.gnu-tools-for-stm32.12.3.rel1.win32_1.0.200.202406191623/tools/bin/../lib/gcc/arm-none-eabi/12.3.1/../../../../arm-none-eabi/lib/thumb/v7e-m+fp/hard\libm.a
LOAD C:/ST/STM32CubeIDE_1.16.1/STM32CubeIDE/plugins/com.st.stm32cube.ide.mcu.externaltools.gnu-tools-for-stm32.12.3.rel1.win32_1.0.200.202406191623/tools/bin/../lib/gcc/arm-none-eabi/12.3.1/thumb/v7e-m+fp/hard\libgcc.a

.debug_info     0x00000000     0x2be9
 .debug_info    0x00000000      0x70c ./BSP/ds1307.o
 .debug_info    0x0000070c      0x39b ./BSP/lcd.o
 .debug_info    0x00000aa7      0x406 ./Src/017rtc_lcd.o
 .debug_info    0x00000ead      0x6d1 ./Src/syscalls.o
 .debug_info    0x0000157e      0x168 ./Src/sysmem.o
 .debug_info    0x000016e6       0x30 ./Startup/startup_stm32f407vgtx.o
 .debug_info    0x00001716      0x71e ./drivers/Src/stm32f407_gpio_driver.o
 .debug_info    0x00001e34      0xa34 ./drivers/Src/stm32f407_i2c_driver.o
 .debug_info    0x00002868      0x381 ./drivers/Src/stm32f407xx_rcc_driver.o

.debug_abbrev   0x00000000      0xc91
 .debug_abbrev  0x00000000      0x1b7 ./BSP/ds1307.o
 .debug_abbrev  0x000001b7      0x19d ./BSP/lcd.o
 .debug_abbrev  0x00000354      0x1ce ./Src/017rtc_lcd.o
 .debug_abbrev  0x00000522      0x1b1 ./Src/syscalls.o
 .debug_abbrev  0x000006d3       0xbc ./Src/sysmem.o
 .debug_abbrev  0x0000078f       0x24 ./Startup/startup_stm32f407vgtx.o
 .debug_abbrev  0x000007b3      0x17b ./drivers/Src/stm32f407_gpio_driver.o
 .debug_abbrev  0x0000092e      0x262 ./drivers/Src/stm32f407_i2c_driver.o
 .debug_abbrev  0x00000b90      0x101 ./drivers/Src/stm32f407xx_rcc_driver.o

.debug_aranges  0x00000000      0x3b8
 .debug_aranges
                0x00000000       0x70 ./BSP/ds1307.o
 .debug_aranges
                0x00000070       0x70 ./BSP/lcd.o
 .debug_aranges
                0x000000e0       0x58 ./Src/017rtc_lcd.o
 .debug_aranges
                0x00000138       0xb0 ./Src/syscalls.o
 .debug_aranges
                0x000001e8       0x20 ./Src/sysmem.o
 .debug_aranges
                0x00000208       0x28 ./Startup/startup_stm32f407vgtx.o
 .debug_aranges
                0x00000230       0x70 ./drivers/Src/stm32f407_gpio_driver.o
 .debug_aranges
                0x000002a0       0xe8 ./drivers/Src/stm32f407_i2c_driver.o
 .debug_aranges
                0x00000388       0x30 ./drivers/Src/stm32f407xx_rcc_driver.o

.debug_rnglists
                0x00000000      0x2b3
 .debug_rnglists
                0x00000000       0x51 ./BSP/ds1307.o
 .debug_rnglists
                0x00000051       0x50 ./BSP/lcd.o
 .debug_rnglists
                0x000000a1       0x3f ./Src/017rtc_lcd.o
 .debug_rnglists
                0x000000e0       0x7f ./Src/syscalls.o
 .debug_rnglists
                0x0000015f       0x13 ./Src/sysmem.o
 .debug_rnglists
                0x00000172       0x19 ./Startup/startup_stm32f407vgtx.o
 .debug_rnglists
                0x0000018b       0x53 ./drivers/Src/stm32f407_gpio_driver.o
 .debug_rnglists
                0x000001de       0xb4 ./drivers/Src/stm32f407_i2c_driver.o
 .debug_rnglists
                0x00000292       0x21 ./drivers/Src/stm32f407xx_rcc_driver.o

.debug_macro    0x00000000     0x3ee6
 .debug_macro   0x00000000      0x195 ./BSP/ds1307.o
 .debug_macro   0x00000195      0xac0 ./BSP/ds1307.o
 .debug_macro   0x00000c55       0x22 ./BSP/ds1307.o
 .debug_macro   0x00000c77       0x8e ./BSP/ds1307.o
 .debug_macro   0x00000d05       0x51 ./BSP/ds1307.o
 .debug_macro   0x00000d56      0x103 ./BSP/ds1307.o
 .debug_macro   0x00000e59       0x6a ./BSP/ds1307.o
 .debug_macro   0x00000ec3      0x1df ./BSP/ds1307.o
 .debug_macro   0x000010a2      0x189 ./BSP/ds1307.o
 .debug_macro   0x0000122b      0x634 ./BSP/ds1307.o
 .debug_macro   0x0000185f       0xc4 ./BSP/ds1307.o
 .debug_macro   0x00001923       0xee ./BSP/ds1307.o
 .debug_macro   0x00001a11       0xd6 ./BSP/ds1307.o
 .debug_macro   0x00001ae7      0x130 ./BSP/ds1307.o
 .debug_macro   0x00001c17       0x94 ./BSP/ds1307.o
 .debug_macro   0x00001cab       0x61 ./BSP/ds1307.o
 .debug_macro   0x00001d0c       0x2a ./BSP/ds1307.o
 .debug_macro   0x00001d36       0x43 ./BSP/ds1307.o
 .debug_macro   0x00001d79       0x34 ./BSP/ds1307.o
 .debug_macro   0x00001dad       0x16 ./BSP/ds1307.o
 .debug_macro   0x00001dc3       0x43 ./BSP/ds1307.o
 .debug_macro   0x00001e06       0x34 ./BSP/ds1307.o
 .debug_macro   0x00001e3a       0x10 ./BSP/ds1307.o
 .debug_macro   0x00001e4a       0x58 ./BSP/ds1307.o
 .debug_macro   0x00001ea2       0x8e ./BSP/ds1307.o
 .debug_macro   0x00001f30       0x1c ./BSP/ds1307.o
 .debug_macro   0x00001f4c      0x177 ./BSP/ds1307.o
 .debug_macro   0x000020c3      0x369 ./BSP/ds1307.o
 .debug_macro   0x0000242c       0x10 ./BSP/ds1307.o
 .debug_macro   0x0000243c       0x35 ./BSP/ds1307.o
 .debug_macro   0x00002471       0x20 ./BSP/ds1307.o
 .debug_macro   0x00002491       0xc7 ./BSP/lcd.o
 .debug_macro   0x00002558       0x52 ./BSP/lcd.o
 .debug_macro   0x000025aa      0x1a8 ./Src/017rtc_lcd.o
 .debug_macro   0x00002752       0x5b ./Src/017rtc_lcd.o
 .debug_macro   0x000027ad       0x94 ./Src/017rtc_lcd.o
 .debug_macro   0x00002841       0x16 ./Src/017rtc_lcd.o
 .debug_macro   0x00002857       0x57 ./Src/017rtc_lcd.o
 .debug_macro   0x000028ae       0x9e ./Src/017rtc_lcd.o
 .debug_macro   0x0000294c      0x10b ./Src/017rtc_lcd.o
 .debug_macro   0x00002a57       0x10 ./Src/017rtc_lcd.o
 .debug_macro   0x00002a67       0x16 ./Src/017rtc_lcd.o
 .debug_macro   0x00002a7d       0x16 ./Src/017rtc_lcd.o
 .debug_macro   0x00002a93      0x146 ./Src/017rtc_lcd.o
 .debug_macro   0x00002bd9       0x58 ./Src/017rtc_lcd.o
 .debug_macro   0x00002c31      0x286 ./Src/syscalls.o
 .debug_macro   0x00002eb7       0x10 ./Src/syscalls.o
 .debug_macro   0x00002ec7       0x10 ./Src/syscalls.o
 .debug_macro   0x00002ed7       0x10 ./Src/syscalls.o
 .debug_macro   0x00002ee7       0x10 ./Src/syscalls.o
 .debug_macro   0x00002ef7       0x1c ./Src/syscalls.o
 .debug_macro   0x00002f13       0x52 ./Src/syscalls.o
 .debug_macro   0x00002f65       0x22 ./Src/syscalls.o
 .debug_macro   0x00002f87       0x10 ./Src/syscalls.o
 .debug_macro   0x00002f97       0x52 ./Src/syscalls.o
 .debug_macro   0x00002fe9       0xcf ./Src/syscalls.o
 .debug_macro   0x000030b8       0x1c ./Src/syscalls.o
 .debug_macro   0x000030d4       0x3d ./Src/syscalls.o
 .debug_macro   0x00003111       0x35 ./Src/syscalls.o
 .debug_macro   0x00003146      0x12c ./Src/syscalls.o
 .debug_macro   0x00003272       0x16 ./Src/syscalls.o
 .debug_macro   0x00003288       0x16 ./Src/syscalls.o
 .debug_macro   0x0000329e       0x29 ./Src/syscalls.o
 .debug_macro   0x000032c7       0x10 ./Src/syscalls.o
 .debug_macro   0x000032d7      0x242 ./Src/syscalls.o
 .debug_macro   0x00003519       0x1c ./Src/syscalls.o
 .debug_macro   0x00003535       0x10 ./Src/syscalls.o
 .debug_macro   0x00003545      0x18a ./Src/syscalls.o
 .debug_macro   0x000036cf       0x16 ./Src/syscalls.o
 .debug_macro   0x000036e5       0xce ./Src/syscalls.o
 .debug_macro   0x000037b3       0xff ./Src/sysmem.o
 .debug_macro   0x000038b2      0x23c ./Src/sysmem.o
 .debug_macro   0x00003aee       0xc2 ./drivers/Src/stm32f407_gpio_driver.o
 .debug_macro   0x00003bb0       0xe8 ./drivers/Src/stm32f407_gpio_driver.o
 .debug_macro   0x00003c98       0xc2 ./drivers/Src/stm32f407_i2c_driver.o
 .debug_macro   0x00003d5a       0xd0 ./drivers/Src/stm32f407_i2c_driver.o
 .debug_macro   0x00003e2a       0xbc ./drivers/Src/stm32f407xx_rcc_driver.o

.debug_line     0x00000000     0x450a
 .debug_line    0x00000000      0x835 ./BSP/ds1307.o
 .debug_line    0x00000835      0x6ac ./BSP/lcd.o
 .debug_line    0x00000ee1      0x874 ./Src/017rtc_lcd.o
 .debug_line    0x00001755      0x8e8 ./Src/syscalls.o
 .debug_line    0x0000203d      0x57e ./Src/sysmem.o
 .debug_line    0x000025bb       0x7b ./Startup/startup_stm32f407vgtx.o
 .debug_line    0x00002636      0xadf ./drivers/Src/stm32f407_gpio_driver.o
 .debug_line    0x00003115      0xe00 ./drivers/Src/stm32f407_i2c_driver.o
 .debug_line    0x00003f15      0x5f5 ./drivers/Src/stm32f407xx_rcc_driver.o

.debug_str      0x00000000     0xd3f8
 .debug_str     0x00000000     0xa33f ./BSP/ds1307.o
                               0xa562 (size before relaxing)
 .debug_str     0x0000a33f      0x21f ./BSP/lcd.o
                               0x7195 (size before relaxing)
 .debug_str     0x0000a55e      0x6f2 ./Src/017rtc_lcd.o
                               0xaaf5 (size before relaxing)
 .debug_str     0x0000ac50     0x2134 ./Src/syscalls.o
                               0x9973 (size before relaxing)
 .debug_str     0x0000cd84       0x66 ./Src/sysmem.o
                               0x60dd (size before relaxing)
 .debug_str     0x0000cdea       0x3f ./Startup/startup_stm32f407vgtx.o
                                 0x8c (size before relaxing)
 .debug_str     0x0000ce29      0x284 ./drivers/Src/stm32f407_gpio_driver.o
                               0x7229 (size before relaxing)
 .debug_str     0x0000d0ad      0x2b0 ./drivers/Src/stm32f407_i2c_driver.o
                               0x73b3 (size before relaxing)
 .debug_str     0x0000d35d       0x9b ./drivers/Src/stm32f407xx_rcc_driver.o
                               0x705c (size before relaxing)

.comment        0x00000000       0x43
 .comment       0x00000000       0x43 ./BSP/ds1307.o
                                 0x44 (size before relaxing)
 .comment       0x00000043       0x44 ./BSP/lcd.o
 .comment       0x00000043       0x44 ./Src/017rtc_lcd.o
 .comment       0x00000043       0x44 ./Src/syscalls.o
 .comment       0x00000043       0x44 ./Src/sysmem.o
 .comment       0x00000043       0x44 ./drivers/Src/stm32f407_gpio_driver.o
 .comment       0x00000043       0x44 ./drivers/Src/stm32f407_i2c_driver.o
 .comment       0x00000043       0x44 ./drivers/Src/stm32f407xx_rcc_driver.o

.debug_frame    0x00000000     0x1444
 .debug_frame   0x00000000      0x19c ./BSP/ds1307.o
 .debug_frame   0x0000019c      0x18c ./BSP/lcd.o
 .debug_frame   0x00000328      0x140 ./Src/017rtc_lcd.o
 .debug_frame   0x00000468      0x2d4 ./Src/syscalls.o
 .debug_frame   0x0000073c       0x34 ./Src/sysmem.o
 .debug_frame   0x00000770      0x1c8 ./drivers/Src/stm32f407_gpio_driver.o
 .debug_frame   0x00000938      0x3f8 ./drivers/Src/stm32f407_i2c_driver.o
 .debug_frame   0x00000d30       0x78 ./drivers/Src/stm32f407xx_rcc_driver.o
 .debug_frame   0x00000da8      0x144 C:/ST/STM32CubeIDE_1.16.1/STM32CubeIDE/plugins/com.st.stm32cube.ide.mcu.externaltools.gnu-tools-for-stm32.12.3.rel1.win32_1.0.200.202406191623/tools/bin/../lib/gcc/arm-none-eabi/12.3.1/../../../../arm-none-eabi/lib/thumb/v7e-m+fp/hard\libc_nano.a(libc_a-findfp.o)
 .debug_frame   0x00000eec       0x34 C:/ST/STM32CubeIDE_1.16.1/STM32CubeIDE/plugins/com.st.stm32cube.ide.mcu.externaltools.gnu-tools-for-stm32.12.3.rel1.win32_1.0.200.202406191623/tools/bin/../lib/gcc/arm-none-eabi/12.3.1/../../../../arm-none-eabi/lib/thumb/v7e-m+fp/hard\libc_nano.a(libc_a-fwalk.o)
 .debug_frame   0x00000f20       0x3c C:/ST/STM32CubeIDE_1.16.1/STM32CubeIDE/plugins/com.st.stm32cube.ide.mcu.externaltools.gnu-tools-for-stm32.12.3.rel1.win32_1.0.200.202406191623/tools/bin/../lib/gcc/arm-none-eabi/12.3.1/../../../../arm-none-eabi/lib/thumb/v7e-m+fp/hard\libc_nano.a(libc_a-puts.o)
 .debug_frame   0x00000f5c       0x88 C:/ST/STM32CubeIDE_1.16.1/STM32CubeIDE/plugins/com.st.stm32cube.ide.mcu.externaltools.gnu-tools-for-stm32.12.3.rel1.win32_1.0.200.202406191623/tools/bin/../lib/gcc/arm-none-eabi/12.3.1/../../../../arm-none-eabi/lib/thumb/v7e-m+fp/hard\libc_nano.a(libc_a-stdio.o)
 .debug_frame   0x00000fe4       0x40 C:/ST/STM32CubeIDE_1.16.1/STM32CubeIDE/plugins/com.st.stm32cube.ide.mcu.externaltools.gnu-tools-for-stm32.12.3.rel1.win32_1.0.200.202406191623/tools/bin/../lib/gcc/arm-none-eabi/12.3.1/../../../../arm-none-eabi/lib/thumb/v7e-m+fp/hard\libc_nano.a(libc_a-wbuf.o)
 .debug_frame   0x00001024       0x2c C:/ST/STM32CubeIDE_1.16.1/STM32CubeIDE/plugins/com.st.stm32cube.ide.mcu.externaltools.gnu-tools-for-stm32.12.3.rel1.win32_1.0.200.202406191623/tools/bin/../lib/gcc/arm-none-eabi/12.3.1/../../../../arm-none-eabi/lib/thumb/v7e-m+fp/hard\libc_nano.a(libc_a-wsetup.o)
 .debug_frame   0x00001050       0x20 C:/ST/STM32CubeIDE_1.16.1/STM32CubeIDE/plugins/com.st.stm32cube.ide.mcu.externaltools.gnu-tools-for-stm32.12.3.rel1.win32_1.0.200.202406191623/tools/bin/../lib/gcc/arm-none-eabi/12.3.1/../../../../arm-none-eabi/lib/thumb/v7e-m+fp/hard\libc_nano.a(libc_a-memset.o)
 .debug_frame   0x00001070       0x2c C:/ST/STM32CubeIDE_1.16.1/STM32CubeIDE/plugins/com.st.stm32cube.ide.mcu.externaltools.gnu-tools-for-stm32.12.3.rel1.win32_1.0.200.202406191623/tools/bin/../lib/gcc/arm-none-eabi/12.3.1/../../../../arm-none-eabi/lib/thumb/v7e-m+fp/hard\libc_nano.a(libc_a-closer.o)
 .debug_frame   0x0000109c       0x38 C:/ST/STM32CubeIDE_1.16.1/STM32CubeIDE/plugins/com.st.stm32cube.ide.mcu.externaltools.gnu-tools-for-stm32.12.3.rel1.win32_1.0.200.202406191623/tools/bin/../lib/gcc/arm-none-eabi/12.3.1/../../../../arm-none-eabi/lib/thumb/v7e-m+fp/hard\libc_nano.a(libc_a-reent.o)
 .debug_frame   0x000010d4       0x2c C:/ST/STM32CubeIDE_1.16.1/STM32CubeIDE/plugins/com.st.stm32cube.ide.mcu.externaltools.gnu-tools-for-stm32.12.3.rel1.win32_1.0.200.202406191623/tools/bin/../lib/gcc/arm-none-eabi/12.3.1/../../../../arm-none-eabi/lib/thumb/v7e-m+fp/hard\libc_nano.a(libc_a-lseekr.o)
 .debug_frame   0x00001100       0x2c C:/ST/STM32CubeIDE_1.16.1/STM32CubeIDE/plugins/com.st.stm32cube.ide.mcu.externaltools.gnu-tools-for-stm32.12.3.rel1.win32_1.0.200.202406191623/tools/bin/../lib/gcc/arm-none-eabi/12.3.1/../../../../arm-none-eabi/lib/thumb/v7e-m+fp/hard\libc_nano.a(libc_a-readr.o)
 .debug_frame   0x0000112c       0x2c C:/ST/STM32CubeIDE_1.16.1/STM32CubeIDE/plugins/com.st.stm32cube.ide.mcu.externaltools.gnu-tools-for-stm32.12.3.rel1.win32_1.0.200.202406191623/tools/bin/../lib/gcc/arm-none-eabi/12.3.1/../../../../arm-none-eabi/lib/thumb/v7e-m+fp/hard\libc_nano.a(libc_a-writer.o)
 .debug_frame   0x00001158       0x20 C:/ST/STM32CubeIDE_1.16.1/STM32CubeIDE/plugins/com.st.stm32cube.ide.mcu.externaltools.gnu-tools-for-stm32.12.3.rel1.win32_1.0.200.202406191623/tools/bin/../lib/gcc/arm-none-eabi/12.3.1/../../../../arm-none-eabi/lib/thumb/v7e-m+fp/hard\libc_nano.a(libc_a-errno.o)
 .debug_frame   0x00001178       0x2c C:/ST/STM32CubeIDE_1.16.1/STM32CubeIDE/plugins/com.st.stm32cube.ide.mcu.externaltools.gnu-tools-for-stm32.12.3.rel1.win32_1.0.200.202406191623/tools/bin/../lib/gcc/arm-none-eabi/12.3.1/../../../../arm-none-eabi/lib/thumb/v7e-m+fp/hard\libc_nano.a(libc_a-init.o)
 .debug_frame   0x000011a4       0xb0 C:/ST/STM32CubeIDE_1.16.1/STM32CubeIDE/plugins/com.st.stm32cube.ide.mcu.externaltools.gnu-tools-for-stm32.12.3.rel1.win32_1.0.200.202406191623/tools/bin/../lib/gcc/arm-none-eabi/12.3.1/../../../../arm-none-eabi/lib/thumb/v7e-m+fp/hard\libc_nano.a(libc_a-lock.o)
 .debug_frame   0x00001254       0x38 C:/ST/STM32CubeIDE_1.16.1/STM32CubeIDE/plugins/com.st.stm32cube.ide.mcu.externaltools.gnu-tools-for-stm32.12.3.rel1.win32_1.0.200.202406191623/tools/bin/../lib/gcc/arm-none-eabi/12.3.1/../../../../arm-none-eabi/lib/thumb/v7e-m+fp/hard\libc_nano.a(libc_a-freer.o)
 .debug_frame   0x0000128c       0x50 C:/ST/STM32CubeIDE_1.16.1/STM32CubeIDE/plugins/com.st.stm32cube.ide.mcu.externaltools.gnu-tools-for-stm32.12.3.rel1.win32_1.0.200.202406191623/tools/bin/../lib/gcc/arm-none-eabi/12.3.1/../../../../arm-none-eabi/lib/thumb/v7e-m+fp/hard\libc_nano.a(libc_a-mallocr.o)
 .debug_frame   0x000012dc       0x30 C:/ST/STM32CubeIDE_1.16.1/STM32CubeIDE/plugins/com.st.stm32cube.ide.mcu.externaltools.gnu-tools-for-stm32.12.3.rel1.win32_1.0.200.202406191623/tools/bin/../lib/gcc/arm-none-eabi/12.3.1/../../../../arm-none-eabi/lib/thumb/v7e-m+fp/hard\libc_nano.a(libc_a-mlock.o)
 .debug_frame   0x0000130c       0x5c C:/ST/STM32CubeIDE_1.16.1/STM32CubeIDE/plugins/com.st.stm32cube.ide.mcu.externaltools.gnu-tools-for-stm32.12.3.rel1.win32_1.0.200.202406191623/tools/bin/../lib/gcc/arm-none-eabi/12.3.1/../../../../arm-none-eabi/lib/thumb/v7e-m+fp/hard\libc_nano.a(libc_a-fflush.o)
 .debug_frame   0x00001368       0x58 C:/ST/STM32CubeIDE_1.16.1/STM32CubeIDE/plugins/com.st.stm32cube.ide.mcu.externaltools.gnu-tools-for-stm32.12.3.rel1.win32_1.0.200.202406191623/tools/bin/../lib/gcc/arm-none-eabi/12.3.1/../../../../arm-none-eabi/lib/thumb/v7e-m+fp/hard\libc_nano.a(libc_a-makebuf.o)
 .debug_frame   0x000013c0       0x2c C:/ST/STM32CubeIDE_1.16.1/STM32CubeIDE/plugins/com.st.stm32cube.ide.mcu.externaltools.gnu-tools-for-stm32.12.3.rel1.win32_1.0.200.202406191623/tools/bin/../lib/gcc/arm-none-eabi/12.3.1/../../../../arm-none-eabi/lib/thumb/v7e-m+fp/hard\libc_nano.a(libc_a-fstatr.o)
 .debug_frame   0x000013ec       0x2c C:/ST/STM32CubeIDE_1.16.1/STM32CubeIDE/plugins/com.st.stm32cube.ide.mcu.externaltools.gnu-tools-for-stm32.12.3.rel1.win32_1.0.200.202406191623/tools/bin/../lib/gcc/arm-none-eabi/12.3.1/../../../../arm-none-eabi/lib/thumb/v7e-m+fp/hard\libc_nano.a(libc_a-isattyr.o)
 .debug_frame   0x00001418       0x2c C:/ST/STM32CubeIDE_1.16.1/STM32CubeIDE/plugins/com.st.stm32cube.ide.mcu.externaltools.gnu-tools-for-stm32.12.3.rel1.win32_1.0.200.202406191623/tools/bin/../lib/gcc/arm-none-eabi/12.3.1/../../../../arm-none-eabi/lib/thumb/v7e-m+fp/hard\libc_nano.a(libc_a-sbrkr.o)

.debug_line_str
                0x00000000       0x70
 .debug_line_str
                0x00000000       0x70 ./Startup/startup_stm32f407vgtx.o
