../BSP/ds1307.c:22:9:ds1307_init	16	static
../BSP/ds1307.c:42:6:ds1307_set_current_time	24	static
../BSP/ds1307.c:67:6:ds1307_get_current_time	24	static
../BSP/ds1307.c:92:6:ds1307_set_current_date	16	static
../BSP/ds1307.c:103:6:ds1307_get_current_date	16	static
../BSP/ds1307.c:114:13:ds1307_i2c_pin_config	32	static
../BSP/ds1307.c:143:13:ds1307_i2c_config	8	static
../BSP/ds1307.c:151:13:ds1307_write	32	static
../BSP/ds1307.c:161:16:ds1307_read	32	static
../BSP/ds1307.c:170:16:binary_to_bcd	24	static
../BSP/ds1307.c:188:16:bcd_to_binary	24	static
