../drivers/Src/stm32f407_usart_driver.c:25:6:USART_SetBaudRate	40	static
../drivers/Src/stm32f407_usart_driver.c:89:6:USART_Init	24	static
../drivers/Src/stm32f407_usart_driver.c:181:6:USART_DeInit	16	static
../drivers/Src/stm32f407_usart_driver.c:201:6:USART_PeriClockControl	16	static
../drivers/Src/stm32f407_usart_driver.c:243:6:USART_PeripheralControl	16	static
../drivers/Src/stm32f407_usart_driver.c:255:9:USART_GetFlagStatus	16	static
../drivers/Src/stm32f407_usart_driver.c:264:6:USART_ClearFlag	16	static
../drivers/Src/stm32f407_usart_driver.c:284:6:USART_SendData	32	static
../drivers/Src/stm32f407_usart_driver.c:346:6:USART_ReceiveData	32	static
../drivers/Src/stm32f407_usart_driver.c:423:9:USART_SendDataIT	32	static
../drivers/Src/stm32f407_usart_driver.c:462:9:USART_ReceiveDataIT	32	static
../drivers/Src/stm32f407_usart_driver.c:486:6:USART_IRQInteruptConfig	16	static
../drivers/Src/stm32f407_usart_driver.c:525:6:USART_IRQPriorityConfig	24	static
../drivers/Src/stm32f407_usart_driver.c:549:6:USART_IRQHandling	32	static
../drivers/Src/stm32f407_usart_driver.c:855:13:USART_ApplicationEventCallback	16	static
